Archive member included because of file (symbol)

c:/winavr-20100110/bin/../lib/gcc/avr/4.3.3/avr35\libgcc.a(_mulhi3.o)
                              LUFA/Drivers/USB/Class/Common/HIDParser.o (__mulhi3)
c:/winavr-20100110/bin/../lib/gcc/avr/4.3.3/avr35\libgcc.a(_exit.o)
                              c:/winavr-20100110/bin/../lib/gcc/avr/4.3.3/../../../../avr/lib/avr35/crtusb82.o (exit)
c:/winavr-20100110/bin/../lib/gcc/avr/4.3.3/avr35\libgcc.a(_copy_data.o)
                              Thermocouple.o (__do_copy_data)
c:/winavr-20100110/bin/../lib/gcc/avr/4.3.3/avr35\libgcc.a(_clear_bss.o)
                              Thermocouple.o (__do_clear_bss)
c:/winavr-20100110/bin/../lib/gcc/avr/4.3.3/../../../../avr/lib/avr35\libc.a(memcpy_P.o)
                              LUFA/Drivers/USB/Class/Device/RNDISClassDevice.o (memcpy_P)
c:/winavr-20100110/bin/../lib/gcc/avr/4.3.3/../../../../avr/lib/avr35\libc.a(memcmp.o)
                              LUFA/Drivers/USB/Class/Device/HIDClassDevice.o (memcmp)
c:/winavr-20100110/bin/../lib/gcc/avr/4.3.3/../../../../avr/lib/avr35\libc.a(memcpy.o)
                              LUFA/Drivers/USB/Class/Device/HIDClassDevice.o (memcpy)
c:/winavr-20100110/bin/../lib/gcc/avr/4.3.3/../../../../avr/lib/avr35\libc.a(memset.o)
                              LUFA/Drivers/USB/Class/Device/HIDClassDevice.o (memset)
c:/winavr-20100110/bin/../lib/gcc/avr/4.3.3/../../../../avr/lib/avr35\libc.a(fprintf.o)
                              Thermocouple.o (fprintf)
c:/winavr-20100110/bin/../lib/gcc/avr/4.3.3/../../../../avr/lib/avr35\libc.a(fputc.o)
                              Thermocouple.o (fputc)
c:/winavr-20100110/bin/../lib/gcc/avr/4.3.3/../../../../avr/lib/avr35\libc.a(vfprintf_std.o)
                              c:/winavr-20100110/bin/../lib/gcc/avr/4.3.3/../../../../avr/lib/avr35\libc.a(fprintf.o) (vfprintf)
c:/winavr-20100110/bin/../lib/gcc/avr/4.3.3/../../../../avr/lib/avr35\libc.a(eerd_byte_at90usb82.o)
                              LUFA/Drivers/USB/Core/AVR8/EndpointStream_AVR8.o (__eerd_byte_usb82)
c:/winavr-20100110/bin/../lib/gcc/avr/4.3.3/../../../../avr/lib/avr35\libc.a(eeupd_byte_at90usb82.o)
                              LUFA/Drivers/USB/Core/AVR8/EndpointStream_AVR8.o (__eeupd_byte_usb82)
c:/winavr-20100110/bin/../lib/gcc/avr/4.3.3/../../../../avr/lib/avr35\libc.a(strnlen_P.o)
                              c:/winavr-20100110/bin/../lib/gcc/avr/4.3.3/../../../../avr/lib/avr35\libc.a(vfprintf_std.o) (strnlen_P)
c:/winavr-20100110/bin/../lib/gcc/avr/4.3.3/../../../../avr/lib/avr35\libc.a(strnlen.o)
                              c:/winavr-20100110/bin/../lib/gcc/avr/4.3.3/../../../../avr/lib/avr35\libc.a(vfprintf_std.o) (strnlen)
c:/winavr-20100110/bin/../lib/gcc/avr/4.3.3/../../../../avr/lib/avr35\libc.a(ultoa_invert.o)
                              c:/winavr-20100110/bin/../lib/gcc/avr/4.3.3/../../../../avr/lib/avr35\libc.a(vfprintf_std.o) (__ultoa_invert)
c:/winavr-20100110/bin/../lib/gcc/avr/4.3.3/avr35\libgcc.a(_prologue.o)
                              c:/winavr-20100110/bin/../lib/gcc/avr/4.3.3/../../../../avr/lib/avr35\libc.a(fprintf.o) (__prologue_saves__)
c:/winavr-20100110/bin/../lib/gcc/avr/4.3.3/avr35\libgcc.a(_epilogue.o)
                              c:/winavr-20100110/bin/../lib/gcc/avr/4.3.3/../../../../avr/lib/avr35\libc.a(fprintf.o) (__epilogue_restores__)

Allocating common symbols
Common symbol       size              file

USB_IsInitialized   0x1               LUFA/Drivers/USB/Core/USBTask.o
USB_Device_ConfigurationNumber
                    0x1               LUFA/Drivers/USB/Core/DeviceStandardReq.o
USB_ControlRequest  0x8               LUFA/Drivers/USB/Core/USBTask.o

Discarded input sections

 .data          0x00000000        0x0 c:/winavr-20100110/bin/../lib/gcc/avr/4.3.3/../../../../avr/lib/avr35/crtusb82.o
 .bss           0x00000000        0x0 c:/winavr-20100110/bin/../lib/gcc/avr/4.3.3/../../../../avr/lib/avr35/crtusb82.o
 .text          0x00000000        0x0 Thermocouple.o
 .text          0x00000000        0x0 Descriptors.o
 .bss           0x00000000        0x0 Descriptors.o
 .text          0x00000000        0x0 LUFA/Drivers/USB/Class/Common/HIDParser.o
 .data          0x00000000        0x0 LUFA/Drivers/USB/Class/Common/HIDParser.o
 .bss           0x00000000        0x0 LUFA/Drivers/USB/Class/Common/HIDParser.o
 .text.USB_GetHIDReportItemInfo
                0x00000000        0x0 LUFA/Drivers/USB/Class/Common/HIDParser.o
 .text.USB_SetHIDReportItemInfo
                0x00000000        0x0 LUFA/Drivers/USB/Class/Common/HIDParser.o
 .text.USB_GetHIDReportSize
                0x00000000        0x0 LUFA/Drivers/USB/Class/Common/HIDParser.o
 .text.USB_ProcessHIDReport
                0x00000000        0x0 LUFA/Drivers/USB/Class/Common/HIDParser.o
 .text          0x00000000        0x0 LUFA/Drivers/USB/Core/AVR8/Device_AVR8.o
 .data          0x00000000        0x0 LUFA/Drivers/USB/Core/AVR8/Device_AVR8.o
 .bss           0x00000000        0x0 LUFA/Drivers/USB/Core/AVR8/Device_AVR8.o
 .text.USB_Device_SendRemoteWakeup
                0x00000000        0x0 LUFA/Drivers/USB/Core/AVR8/Device_AVR8.o
 .text          0x00000000        0x0 LUFA/Drivers/USB/Core/AVR8/EndpointStream_AVR8.o
 .data          0x00000000        0x0 LUFA/Drivers/USB/Core/AVR8/EndpointStream_AVR8.o
 .bss           0x00000000        0x0 LUFA/Drivers/USB/Core/AVR8/EndpointStream_AVR8.o
 .text.Endpoint_Write_Control_Stream_BE
                0x00000000        0x0 LUFA/Drivers/USB/Core/AVR8/EndpointStream_AVR8.o
 .text.Endpoint_Read_Control_Stream_LE
                0x00000000        0x0 LUFA/Drivers/USB/Core/AVR8/EndpointStream_AVR8.o
 .text.Endpoint_Read_Control_Stream_BE
                0x00000000        0x0 LUFA/Drivers/USB/Core/AVR8/EndpointStream_AVR8.o
 .text.Endpoint_Write_Control_PStream_LE
                0x00000000        0x0 LUFA/Drivers/USB/Core/AVR8/EndpointStream_AVR8.o
 .text.Endpoint_Write_Control_PStream_BE
                0x00000000        0x0 LUFA/Drivers/USB/Core/AVR8/EndpointStream_AVR8.o
 .text.Endpoint_Read_Control_EStream_BE
                0x00000000        0x0 LUFA/Drivers/USB/Core/AVR8/EndpointStream_AVR8.o
 .text.Endpoint_Read_Control_EStream_LE
                0x00000000        0x0 LUFA/Drivers/USB/Core/AVR8/EndpointStream_AVR8.o
 .text.Endpoint_Write_Control_EStream_BE
                0x00000000        0x0 LUFA/Drivers/USB/Core/AVR8/EndpointStream_AVR8.o
 .text.Endpoint_Write_Control_EStream_LE
                0x00000000        0x0 LUFA/Drivers/USB/Core/AVR8/EndpointStream_AVR8.o
 .text.Endpoint_Null_Stream
                0x00000000        0x0 LUFA/Drivers/USB/Core/AVR8/EndpointStream_AVR8.o
 .text.Endpoint_Discard_Stream
                0x00000000        0x0 LUFA/Drivers/USB/Core/AVR8/EndpointStream_AVR8.o
 .text.Endpoint_Read_EStream_BE
                0x00000000        0x0 LUFA/Drivers/USB/Core/AVR8/EndpointStream_AVR8.o
 .text.Endpoint_Read_EStream_LE
                0x00000000        0x0 LUFA/Drivers/USB/Core/AVR8/EndpointStream_AVR8.o
 .text.Endpoint_Write_EStream_BE
                0x00000000        0x0 LUFA/Drivers/USB/Core/AVR8/EndpointStream_AVR8.o
 .text.Endpoint_Write_EStream_LE
                0x00000000        0x0 LUFA/Drivers/USB/Core/AVR8/EndpointStream_AVR8.o
 .text.Endpoint_Write_PStream_BE
                0x00000000        0x0 LUFA/Drivers/USB/Core/AVR8/EndpointStream_AVR8.o
 .text.Endpoint_Write_PStream_LE
                0x00000000        0x0 LUFA/Drivers/USB/Core/AVR8/EndpointStream_AVR8.o
 .text.Endpoint_Read_Stream_BE
                0x00000000        0x0 LUFA/Drivers/USB/Core/AVR8/EndpointStream_AVR8.o
 .text.Endpoint_Read_Stream_LE
                0x00000000        0x0 LUFA/Drivers/USB/Core/AVR8/EndpointStream_AVR8.o
 .text.Endpoint_Write_Stream_BE
                0x00000000        0x0 LUFA/Drivers/USB/Core/AVR8/EndpointStream_AVR8.o
 .text.Endpoint_Write_Stream_LE
                0x00000000        0x0 LUFA/Drivers/USB/Core/AVR8/EndpointStream_AVR8.o
 .text          0x00000000        0x0 LUFA/Drivers/USB/Core/AVR8/Endpoint_AVR8.o
 .data          0x00000000        0x0 LUFA/Drivers/USB/Core/AVR8/Endpoint_AVR8.o
 .bss           0x00000000        0x0 LUFA/Drivers/USB/Core/AVR8/Endpoint_AVR8.o
 .text.Endpoint_ClearEndpoints
                0x00000000        0x0 LUFA/Drivers/USB/Core/AVR8/Endpoint_AVR8.o
 .text          0x00000000        0x0 LUFA/Drivers/USB/Core/AVR8/Host_AVR8.o
 .data          0x00000000        0x0 LUFA/Drivers/USB/Core/AVR8/Host_AVR8.o
 .bss           0x00000000        0x0 LUFA/Drivers/USB/Core/AVR8/Host_AVR8.o
 .text          0x00000000        0x0 LUFA/Drivers/USB/Core/AVR8/PipeStream_AVR8.o
 .data          0x00000000        0x0 LUFA/Drivers/USB/Core/AVR8/PipeStream_AVR8.o
 .bss           0x00000000        0x0 LUFA/Drivers/USB/Core/AVR8/PipeStream_AVR8.o
 .text          0x00000000        0x0 LUFA/Drivers/USB/Core/AVR8/Pipe_AVR8.o
 .data          0x00000000        0x0 LUFA/Drivers/USB/Core/AVR8/Pipe_AVR8.o
 .bss           0x00000000        0x0 LUFA/Drivers/USB/Core/AVR8/Pipe_AVR8.o
 .text          0x00000000        0x0 LUFA/Drivers/USB/Core/AVR8/USBController_AVR8.o
 .data          0x00000000        0x0 LUFA/Drivers/USB/Core/AVR8/USBController_AVR8.o
 .bss           0x00000000        0x0 LUFA/Drivers/USB/Core/AVR8/USBController_AVR8.o
 .text.USB_Disable
                0x00000000        0x0 LUFA/Drivers/USB/Core/AVR8/USBController_AVR8.o
 .text          0x00000000        0x0 LUFA/Drivers/USB/Core/AVR8/USBInterrupt_AVR8.o
 .data          0x00000000        0x0 LUFA/Drivers/USB/Core/AVR8/USBInterrupt_AVR8.o
 .bss           0x00000000        0x0 LUFA/Drivers/USB/Core/AVR8/USBInterrupt_AVR8.o
 .text          0x00000000        0x0 LUFA/Drivers/USB/Core/ConfigDescriptors.o
 .data          0x00000000        0x0 LUFA/Drivers/USB/Core/ConfigDescriptors.o
 .bss           0x00000000        0x0 LUFA/Drivers/USB/Core/ConfigDescriptors.o
 .text.USB_GetNextDescriptorOfType
                0x00000000        0x0 LUFA/Drivers/USB/Core/ConfigDescriptors.o
 .text.USB_GetNextDescriptorOfTypeBefore
                0x00000000        0x0 LUFA/Drivers/USB/Core/ConfigDescriptors.o
 .text.USB_GetNextDescriptorOfTypeAfter
                0x00000000        0x0 LUFA/Drivers/USB/Core/ConfigDescriptors.o
 .text.USB_GetNextDescriptorComp
                0x00000000        0x0 LUFA/Drivers/USB/Core/ConfigDescriptors.o
 .text          0x00000000        0x0 LUFA/Drivers/USB/Core/DeviceStandardReq.o
 .data          0x00000000        0x0 LUFA/Drivers/USB/Core/DeviceStandardReq.o
 .bss           0x00000000        0x0 LUFA/Drivers/USB/Core/DeviceStandardReq.o
 .text          0x00000000        0x0 LUFA/Drivers/USB/Core/Events.o
 .data          0x00000000        0x0 LUFA/Drivers/USB/Core/Events.o
 .bss           0x00000000        0x0 LUFA/Drivers/USB/Core/Events.o
 .text          0x00000000        0x0 LUFA/Drivers/USB/Core/HostStandardReq.o
 .data          0x00000000        0x0 LUFA/Drivers/USB/Core/HostStandardReq.o
 .bss           0x00000000        0x0 LUFA/Drivers/USB/Core/HostStandardReq.o
 .text          0x00000000        0x0 LUFA/Drivers/USB/Core/USBTask.o
 .data          0x00000000        0x0 LUFA/Drivers/USB/Core/USBTask.o
 .bss           0x00000000        0x0 LUFA/Drivers/USB/Core/USBTask.o
 .text          0x00000000        0x0 LUFA/Drivers/USB/Class/Device/AudioClassDevice.o
 .data          0x00000000        0x0 LUFA/Drivers/USB/Class/Device/AudioClassDevice.o
 .bss           0x00000000        0x0 LUFA/Drivers/USB/Class/Device/AudioClassDevice.o
 .text.Audio_Device_Event_Stub
                0x00000000        0x0 LUFA/Drivers/USB/Class/Device/AudioClassDevice.o
 .text.Audio_Device_ConfigureEndpoints
                0x00000000        0x0 LUFA/Drivers/USB/Class/Device/AudioClassDevice.o
 .text.Audio_Device_ProcessControlRequest
                0x00000000        0x0 LUFA/Drivers/USB/Class/Device/AudioClassDevice.o
 .text          0x00000000        0x0 LUFA/Drivers/USB/Class/Device/CDCClassDevice.o
 .data          0x00000000        0x0 LUFA/Drivers/USB/Class/Device/CDCClassDevice.o
 .bss           0x00000000        0x0 LUFA/Drivers/USB/Class/Device/CDCClassDevice.o
 .text.CDC_Device_BytesReceived
                0x00000000        0x0 LUFA/Drivers/USB/Class/Device/CDCClassDevice.o
 .text.CDC_Device_CreateBlockingStream
                0x00000000        0x0 LUFA/Drivers/USB/Class/Device/CDCClassDevice.o
 .text.CDC_Device_SendControlLineStateChange
                0x00000000        0x0 LUFA/Drivers/USB/Class/Device/CDCClassDevice.o
 .text.CDC_Device_SendData
                0x00000000        0x0 LUFA/Drivers/USB/Class/Device/CDCClassDevice.o
 .text.CDC_Device_getchar_Blocking
                0x00000000        0x0 LUFA/Drivers/USB/Class/Device/CDCClassDevice.o
 .text.CDC_Device_SendString
                0x00000000        0x0 LUFA/Drivers/USB/Class/Device/CDCClassDevice.o
 .text          0x00000000        0x0 LUFA/Drivers/USB/Class/Device/HIDClassDevice.o
 .data          0x00000000        0x0 LUFA/Drivers/USB/Class/Device/HIDClassDevice.o
 .bss           0x00000000        0x0 LUFA/Drivers/USB/Class/Device/HIDClassDevice.o
 .text.HID_Device_USBTask
                0x00000000        0x0 LUFA/Drivers/USB/Class/Device/HIDClassDevice.o
 .text.HID_Device_ConfigureEndpoints
                0x00000000        0x0 LUFA/Drivers/USB/Class/Device/HIDClassDevice.o
 .text.HID_Device_ProcessControlRequest
                0x00000000        0x0 LUFA/Drivers/USB/Class/Device/HIDClassDevice.o
 .text          0x00000000        0x0 LUFA/Drivers/USB/Class/Device/MassStorageClassDevice.o
 .data          0x00000000        0x0 LUFA/Drivers/USB/Class/Device/MassStorageClassDevice.o
 .bss           0x00000000        0x0 LUFA/Drivers/USB/Class/Device/MassStorageClassDevice.o
 .text.MS_Device_USBTask
                0x00000000        0x0 LUFA/Drivers/USB/Class/Device/MassStorageClassDevice.o
 .text.MS_Device_ConfigureEndpoints
                0x00000000        0x0 LUFA/Drivers/USB/Class/Device/MassStorageClassDevice.o
 .text.MS_Device_ProcessControlRequest
                0x00000000        0x0 LUFA/Drivers/USB/Class/Device/MassStorageClassDevice.o
 .text          0x00000000        0x0 LUFA/Drivers/USB/Class/Device/MIDIClassDevice.o
 .data          0x00000000        0x0 LUFA/Drivers/USB/Class/Device/MIDIClassDevice.o
 .bss           0x00000000        0x0 LUFA/Drivers/USB/Class/Device/MIDIClassDevice.o
 .text.MIDI_Device_ReceiveEventPacket
                0x00000000        0x0 LUFA/Drivers/USB/Class/Device/MIDIClassDevice.o
 .text.MIDI_Device_Flush
                0x00000000        0x0 LUFA/Drivers/USB/Class/Device/MIDIClassDevice.o
 .text.MIDI_Device_USBTask
                0x00000000        0x0 LUFA/Drivers/USB/Class/Device/MIDIClassDevice.o
 .text.MIDI_Device_SendEventPacket
                0x00000000        0x0 LUFA/Drivers/USB/Class/Device/MIDIClassDevice.o
 .text.MIDI_Device_ConfigureEndpoints
                0x00000000        0x0 LUFA/Drivers/USB/Class/Device/MIDIClassDevice.o
 .text          0x00000000        0x0 LUFA/Drivers/USB/Class/Device/PrinterClassDevice.o
 .data          0x00000000        0x0 LUFA/Drivers/USB/Class/Device/PrinterClassDevice.o
 .bss           0x00000000        0x0 LUFA/Drivers/USB/Class/Device/PrinterClassDevice.o
 .text.PRNT_Device_BytesReceived
                0x00000000        0x0 LUFA/Drivers/USB/Class/Device/PrinterClassDevice.o
 .text.PRNT_Device_ReceiveByte
                0x00000000        0x0 LUFA/Drivers/USB/Class/Device/PrinterClassDevice.o
 .text.PRNT_Device_CreateStream
                0x00000000        0x0 LUFA/Drivers/USB/Class/Device/PrinterClassDevice.o
 .text.PRNT_Device_CreateBlockingStream
                0x00000000        0x0 LUFA/Drivers/USB/Class/Device/PrinterClassDevice.o
 .text.PRNT_Device_getchar
                0x00000000        0x0 LUFA/Drivers/USB/Class/Device/PrinterClassDevice.o
 .text.PRNT_Device_Event_Stub
                0x00000000        0x0 LUFA/Drivers/USB/Class/Device/PrinterClassDevice.o
 .text.PRNT_Device_Flush
                0x00000000        0x0 LUFA/Drivers/USB/Class/Device/PrinterClassDevice.o
 .text.PRNT_Device_USBTask
                0x00000000        0x0 LUFA/Drivers/USB/Class/Device/PrinterClassDevice.o
 .text.PRNT_Device_getchar_Blocking
                0x00000000        0x0 LUFA/Drivers/USB/Class/Device/PrinterClassDevice.o
 .text.PRNT_Device_SendByte
                0x00000000        0x0 LUFA/Drivers/USB/Class/Device/PrinterClassDevice.o
 .text.PRNT_Device_putchar
                0x00000000        0x0 LUFA/Drivers/USB/Class/Device/PrinterClassDevice.o
 .text.PRNT_Device_SendData
                0x00000000        0x0 LUFA/Drivers/USB/Class/Device/PrinterClassDevice.o
 .text.PRNT_Device_SendString
                0x00000000        0x0 LUFA/Drivers/USB/Class/Device/PrinterClassDevice.o
 .text.PRNT_Device_ConfigureEndpoints
                0x00000000        0x0 LUFA/Drivers/USB/Class/Device/PrinterClassDevice.o
 .text.PRNT_Device_ProcessControlRequest
                0x00000000        0x0 LUFA/Drivers/USB/Class/Device/PrinterClassDevice.o
 .text          0x00000000        0x0 LUFA/Drivers/USB/Class/Device/RNDISClassDevice.o
 .data          0x00000000        0x0 LUFA/Drivers/USB/Class/Device/RNDISClassDevice.o
 .bss           0x00000000        0x0 LUFA/Drivers/USB/Class/Device/RNDISClassDevice.o
 .text.RNDIS_Device_IsPacketReceived
                0x00000000        0x0 LUFA/Drivers/USB/Class/Device/RNDISClassDevice.o
 .text.RNDIS_Device_SendPacket
                0x00000000        0x0 LUFA/Drivers/USB/Class/Device/RNDISClassDevice.o
 .text.RNDIS_Device_USBTask
                0x00000000        0x0 LUFA/Drivers/USB/Class/Device/RNDISClassDevice.o
 .text.RNDIS_Device_ReadPacket
                0x00000000        0x0 LUFA/Drivers/USB/Class/Device/RNDISClassDevice.o
 .text.RNDIS_Device_ConfigureEndpoints
                0x00000000        0x0 LUFA/Drivers/USB/Class/Device/RNDISClassDevice.o
 .text.RNDIS_Device_ProcessControlRequest
                0x00000000        0x0 LUFA/Drivers/USB/Class/Device/RNDISClassDevice.o
 .progmem.data  0x00000000        0x0 LUFA/Drivers/USB/Class/Device/RNDISClassDevice.o
 .text          0x00000000        0x0 LUFA/Drivers/USB/Class/Host/AndroidAccessoryClassHost.o
 .data          0x00000000        0x0 LUFA/Drivers/USB/Class/Host/AndroidAccessoryClassHost.o
 .bss           0x00000000        0x0 LUFA/Drivers/USB/Class/Host/AndroidAccessoryClassHost.o
 .text          0x00000000        0x0 LUFA/Drivers/USB/Class/Host/AudioClassHost.o
 .data          0x00000000        0x0 LUFA/Drivers/USB/Class/Host/AudioClassHost.o
 .bss           0x00000000        0x0 LUFA/Drivers/USB/Class/Host/AudioClassHost.o
 .text          0x00000000        0x0 LUFA/Drivers/USB/Class/Host/CDCClassHost.o
 .data          0x00000000        0x0 LUFA/Drivers/USB/Class/Host/CDCClassHost.o
 .bss           0x00000000        0x0 LUFA/Drivers/USB/Class/Host/CDCClassHost.o
 .text          0x00000000        0x0 LUFA/Drivers/USB/Class/Host/HIDClassHost.o
 .data          0x00000000        0x0 LUFA/Drivers/USB/Class/Host/HIDClassHost.o
 .bss           0x00000000        0x0 LUFA/Drivers/USB/Class/Host/HIDClassHost.o
 .text          0x00000000        0x0 LUFA/Drivers/USB/Class/Host/MassStorageClassHost.o
 .data          0x00000000        0x0 LUFA/Drivers/USB/Class/Host/MassStorageClassHost.o
 .bss           0x00000000        0x0 LUFA/Drivers/USB/Class/Host/MassStorageClassHost.o
 .text          0x00000000        0x0 LUFA/Drivers/USB/Class/Host/MIDIClassHost.o
 .data          0x00000000        0x0 LUFA/Drivers/USB/Class/Host/MIDIClassHost.o
 .bss           0x00000000        0x0 LUFA/Drivers/USB/Class/Host/MIDIClassHost.o
 .text          0x00000000        0x0 LUFA/Drivers/USB/Class/Host/PrinterClassHost.o
 .data          0x00000000        0x0 LUFA/Drivers/USB/Class/Host/PrinterClassHost.o
 .bss           0x00000000        0x0 LUFA/Drivers/USB/Class/Host/PrinterClassHost.o
 .text          0x00000000        0x0 LUFA/Drivers/USB/Class/Host/RNDISClassHost.o
 .data          0x00000000        0x0 LUFA/Drivers/USB/Class/Host/RNDISClassHost.o
 .bss           0x00000000        0x0 LUFA/Drivers/USB/Class/Host/RNDISClassHost.o
 .text          0x00000000        0x0 LUFA/Drivers/USB/Class/Host/StillImageClassHost.o
 .data          0x00000000        0x0 LUFA/Drivers/USB/Class/Host/StillImageClassHost.o
 .bss           0x00000000        0x0 LUFA/Drivers/USB/Class/Host/StillImageClassHost.o
 .text          0x00000000        0x0 c:/winavr-20100110/bin/../lib/gcc/avr/4.3.3/avr35\libgcc.a(_mulhi3.o)
 .data          0x00000000        0x0 c:/winavr-20100110/bin/../lib/gcc/avr/4.3.3/avr35\libgcc.a(_mulhi3.o)
 .bss           0x00000000        0x0 c:/winavr-20100110/bin/../lib/gcc/avr/4.3.3/avr35\libgcc.a(_mulhi3.o)
 .text          0x00000000        0x0 c:/winavr-20100110/bin/../lib/gcc/avr/4.3.3/avr35\libgcc.a(_exit.o)
 .data          0x00000000        0x0 c:/winavr-20100110/bin/../lib/gcc/avr/4.3.3/avr35\libgcc.a(_exit.o)
 .bss           0x00000000        0x0 c:/winavr-20100110/bin/../lib/gcc/avr/4.3.3/avr35\libgcc.a(_exit.o)
 .text.libgcc   0x00000000        0x0 c:/winavr-20100110/bin/../lib/gcc/avr/4.3.3/avr35\libgcc.a(_exit.o)
 .text          0x00000000        0x0 c:/winavr-20100110/bin/../lib/gcc/avr/4.3.3/avr35\libgcc.a(_copy_data.o)
 .data          0x00000000        0x0 c:/winavr-20100110/bin/../lib/gcc/avr/4.3.3/avr35\libgcc.a(_copy_data.o)
 .bss           0x00000000        0x0 c:/winavr-20100110/bin/../lib/gcc/avr/4.3.3/avr35\libgcc.a(_copy_data.o)
 .text.libgcc   0x00000000        0x0 c:/winavr-20100110/bin/../lib/gcc/avr/4.3.3/avr35\libgcc.a(_copy_data.o)
 .text          0x00000000        0x0 c:/winavr-20100110/bin/../lib/gcc/avr/4.3.3/avr35\libgcc.a(_clear_bss.o)
 .data          0x00000000        0x0 c:/winavr-20100110/bin/../lib/gcc/avr/4.3.3/avr35\libgcc.a(_clear_bss.o)
 .bss           0x00000000        0x0 c:/winavr-20100110/bin/../lib/gcc/avr/4.3.3/avr35\libgcc.a(_clear_bss.o)
 .text.libgcc   0x00000000        0x0 c:/winavr-20100110/bin/../lib/gcc/avr/4.3.3/avr35\libgcc.a(_clear_bss.o)
 .text          0x00000000        0x0 c:/winavr-20100110/bin/../lib/gcc/avr/4.3.3/../../../../avr/lib/avr35\libc.a(memcpy_P.o)
 .data          0x00000000        0x0 c:/winavr-20100110/bin/../lib/gcc/avr/4.3.3/../../../../avr/lib/avr35\libc.a(memcpy_P.o)
 .bss           0x00000000        0x0 c:/winavr-20100110/bin/../lib/gcc/avr/4.3.3/../../../../avr/lib/avr35\libc.a(memcpy_P.o)
 .text.avr-libc
                0x00000000        0x0 c:/winavr-20100110/bin/../lib/gcc/avr/4.3.3/../../../../avr/lib/avr35\libc.a(memcpy_P.o)
 .text          0x00000000        0x0 c:/winavr-20100110/bin/../lib/gcc/avr/4.3.3/../../../../avr/lib/avr35\libc.a(memcmp.o)
 .data          0x00000000        0x0 c:/winavr-20100110/bin/../lib/gcc/avr/4.3.3/../../../../avr/lib/avr35\libc.a(memcmp.o)
 .bss           0x00000000        0x0 c:/winavr-20100110/bin/../lib/gcc/avr/4.3.3/../../../../avr/lib/avr35\libc.a(memcmp.o)
 .text.avr-libc
                0x00000000        0x0 c:/winavr-20100110/bin/../lib/gcc/avr/4.3.3/../../../../avr/lib/avr35\libc.a(memcmp.o)
 .text          0x00000000        0x0 c:/winavr-20100110/bin/../lib/gcc/avr/4.3.3/../../../../avr/lib/avr35\libc.a(memcpy.o)
 .data          0x00000000        0x0 c:/winavr-20100110/bin/../lib/gcc/avr/4.3.3/../../../../avr/lib/avr35\libc.a(memcpy.o)
 .bss           0x00000000        0x0 c:/winavr-20100110/bin/../lib/gcc/avr/4.3.3/../../../../avr/lib/avr35\libc.a(memcpy.o)
 .text.avr-libc
                0x00000000        0x0 c:/winavr-20100110/bin/../lib/gcc/avr/4.3.3/../../../../avr/lib/avr35\libc.a(memcpy.o)
 .text          0x00000000        0x0 c:/winavr-20100110/bin/../lib/gcc/avr/4.3.3/../../../../avr/lib/avr35\libc.a(memset.o)
 .data          0x00000000        0x0 c:/winavr-20100110/bin/../lib/gcc/avr/4.3.3/../../../../avr/lib/avr35\libc.a(memset.o)
 .bss           0x00000000        0x0 c:/winavr-20100110/bin/../lib/gcc/avr/4.3.3/../../../../avr/lib/avr35\libc.a(memset.o)
 .text.avr-libc
                0x00000000        0x0 c:/winavr-20100110/bin/../lib/gcc/avr/4.3.3/../../../../avr/lib/avr35\libc.a(memset.o)
 .text          0x00000000        0x0 c:/winavr-20100110/bin/../lib/gcc/avr/4.3.3/../../../../avr/lib/avr35\libc.a(fprintf.o)
 .data          0x00000000        0x0 c:/winavr-20100110/bin/../lib/gcc/avr/4.3.3/../../../../avr/lib/avr35\libc.a(fprintf.o)
 .bss           0x00000000        0x0 c:/winavr-20100110/bin/../lib/gcc/avr/4.3.3/../../../../avr/lib/avr35\libc.a(fprintf.o)
 .text          0x00000000        0x0 c:/winavr-20100110/bin/../lib/gcc/avr/4.3.3/../../../../avr/lib/avr35\libc.a(fputc.o)
 .data          0x00000000        0x0 c:/winavr-20100110/bin/../lib/gcc/avr/4.3.3/../../../../avr/lib/avr35\libc.a(fputc.o)
 .bss           0x00000000        0x0 c:/winavr-20100110/bin/../lib/gcc/avr/4.3.3/../../../../avr/lib/avr35\libc.a(fputc.o)
 .text          0x00000000        0x0 c:/winavr-20100110/bin/../lib/gcc/avr/4.3.3/../../../../avr/lib/avr35\libc.a(vfprintf_std.o)
 .data          0x00000000        0x0 c:/winavr-20100110/bin/../lib/gcc/avr/4.3.3/../../../../avr/lib/avr35\libc.a(vfprintf_std.o)
 .bss           0x00000000        0x0 c:/winavr-20100110/bin/../lib/gcc/avr/4.3.3/../../../../avr/lib/avr35\libc.a(vfprintf_std.o)
 .text          0x00000000        0x0 c:/winavr-20100110/bin/../lib/gcc/avr/4.3.3/../../../../avr/lib/avr35\libc.a(eerd_byte_at90usb82.o)
 .data          0x00000000        0x0 c:/winavr-20100110/bin/../lib/gcc/avr/4.3.3/../../../../avr/lib/avr35\libc.a(eerd_byte_at90usb82.o)
 .bss           0x00000000        0x0 c:/winavr-20100110/bin/../lib/gcc/avr/4.3.3/../../../../avr/lib/avr35\libc.a(eerd_byte_at90usb82.o)
 .text.avr-libc
                0x00000000        0x0 c:/winavr-20100110/bin/../lib/gcc/avr/4.3.3/../../../../avr/lib/avr35\libc.a(eerd_byte_at90usb82.o)
 .text          0x00000000        0x0 c:/winavr-20100110/bin/../lib/gcc/avr/4.3.3/../../../../avr/lib/avr35\libc.a(eeupd_byte_at90usb82.o)
 .data          0x00000000        0x0 c:/winavr-20100110/bin/../lib/gcc/avr/4.3.3/../../../../avr/lib/avr35\libc.a(eeupd_byte_at90usb82.o)
 .bss           0x00000000        0x0 c:/winavr-20100110/bin/../lib/gcc/avr/4.3.3/../../../../avr/lib/avr35\libc.a(eeupd_byte_at90usb82.o)
 .text.avr-libc
                0x00000000        0x0 c:/winavr-20100110/bin/../lib/gcc/avr/4.3.3/../../../../avr/lib/avr35\libc.a(eeupd_byte_at90usb82.o)
 .text          0x00000000        0x0 c:/winavr-20100110/bin/../lib/gcc/avr/4.3.3/../../../../avr/lib/avr35\libc.a(strnlen_P.o)
 .data          0x00000000        0x0 c:/winavr-20100110/bin/../lib/gcc/avr/4.3.3/../../../../avr/lib/avr35\libc.a(strnlen_P.o)
 .bss           0x00000000        0x0 c:/winavr-20100110/bin/../lib/gcc/avr/4.3.3/../../../../avr/lib/avr35\libc.a(strnlen_P.o)
 .text          0x00000000        0x0 c:/winavr-20100110/bin/../lib/gcc/avr/4.3.3/../../../../avr/lib/avr35\libc.a(strnlen.o)
 .data          0x00000000        0x0 c:/winavr-20100110/bin/../lib/gcc/avr/4.3.3/../../../../avr/lib/avr35\libc.a(strnlen.o)
 .bss           0x00000000        0x0 c:/winavr-20100110/bin/../lib/gcc/avr/4.3.3/../../../../avr/lib/avr35\libc.a(strnlen.o)
 .text          0x00000000        0x0 c:/winavr-20100110/bin/../lib/gcc/avr/4.3.3/../../../../avr/lib/avr35\libc.a(ultoa_invert.o)
 .data          0x00000000        0x0 c:/winavr-20100110/bin/../lib/gcc/avr/4.3.3/../../../../avr/lib/avr35\libc.a(ultoa_invert.o)
 .bss           0x00000000        0x0 c:/winavr-20100110/bin/../lib/gcc/avr/4.3.3/../../../../avr/lib/avr35\libc.a(ultoa_invert.o)
 .text          0x00000000        0x0 c:/winavr-20100110/bin/../lib/gcc/avr/4.3.3/avr35\libgcc.a(_prologue.o)
 .data          0x00000000        0x0 c:/winavr-20100110/bin/../lib/gcc/avr/4.3.3/avr35\libgcc.a(_prologue.o)
 .bss           0x00000000        0x0 c:/winavr-20100110/bin/../lib/gcc/avr/4.3.3/avr35\libgcc.a(_prologue.o)
 .text          0x00000000        0x0 c:/winavr-20100110/bin/../lib/gcc/avr/4.3.3/avr35\libgcc.a(_epilogue.o)
 .data          0x00000000        0x0 c:/winavr-20100110/bin/../lib/gcc/avr/4.3.3/avr35\libgcc.a(_epilogue.o)
 .bss           0x00000000        0x0 c:/winavr-20100110/bin/../lib/gcc/avr/4.3.3/avr35\libgcc.a(_epilogue.o)

Memory Configuration

Name             Origin             Length             Attributes
text             0x00000000         0x00020000         xr
data             0x00800060         0x0000ffa0         rw !x
eeprom           0x00810000         0x00010000         rw !x
fuse             0x00820000         0x00000400         rw !x
lock             0x00830000         0x00000400         rw !x
signature        0x00840000         0x00000400         rw !x
*default*        0x00000000         0xffffffff

Linker script and memory map

Address of section .data set to 0x800100
LOAD c:/winavr-20100110/bin/../lib/gcc/avr/4.3.3/../../../../avr/lib/avr35/crtusb82.o
LOAD Thermocouple.o
LOAD Descriptors.o
LOAD LUFA/Drivers/USB/Class/Common/HIDParser.o
LOAD LUFA/Drivers/USB/Core/AVR8/Device_AVR8.o
LOAD LUFA/Drivers/USB/Core/AVR8/EndpointStream_AVR8.o
LOAD LUFA/Drivers/USB/Core/AVR8/Endpoint_AVR8.o
LOAD LUFA/Drivers/USB/Core/AVR8/Host_AVR8.o
LOAD LUFA/Drivers/USB/Core/AVR8/PipeStream_AVR8.o
LOAD LUFA/Drivers/USB/Core/AVR8/Pipe_AVR8.o
LOAD LUFA/Drivers/USB/Core/AVR8/USBController_AVR8.o
LOAD LUFA/Drivers/USB/Core/AVR8/USBInterrupt_AVR8.o
LOAD LUFA/Drivers/USB/Core/ConfigDescriptors.o
LOAD LUFA/Drivers/USB/Core/DeviceStandardReq.o
LOAD LUFA/Drivers/USB/Core/Events.o
LOAD LUFA/Drivers/USB/Core/HostStandardReq.o
LOAD LUFA/Drivers/USB/Core/USBTask.o
LOAD LUFA/Drivers/USB/Class/Device/AudioClassDevice.o
LOAD LUFA/Drivers/USB/Class/Device/CDCClassDevice.o
LOAD LUFA/Drivers/USB/Class/Device/HIDClassDevice.o
LOAD LUFA/Drivers/USB/Class/Device/MassStorageClassDevice.o
LOAD LUFA/Drivers/USB/Class/Device/MIDIClassDevice.o
LOAD LUFA/Drivers/USB/Class/Device/PrinterClassDevice.o
LOAD LUFA/Drivers/USB/Class/Device/RNDISClassDevice.o
LOAD LUFA/Drivers/USB/Class/Host/AndroidAccessoryClassHost.o
LOAD LUFA/Drivers/USB/Class/Host/AudioClassHost.o
LOAD LUFA/Drivers/USB/Class/Host/CDCClassHost.o
LOAD LUFA/Drivers/USB/Class/Host/HIDClassHost.o
LOAD LUFA/Drivers/USB/Class/Host/MassStorageClassHost.o
LOAD LUFA/Drivers/USB/Class/Host/MIDIClassHost.o
LOAD LUFA/Drivers/USB/Class/Host/PrinterClassHost.o
LOAD LUFA/Drivers/USB/Class/Host/RNDISClassHost.o
LOAD LUFA/Drivers/USB/Class/Host/StillImageClassHost.o
LOAD c:/winavr-20100110/bin/../lib/gcc/avr/4.3.3/../../../../avr/lib/avr35\libm.a
LOAD c:/winavr-20100110/bin/../lib/gcc/avr/4.3.3/avr35\libgcc.a
LOAD c:/winavr-20100110/bin/../lib/gcc/avr/4.3.3/../../../../avr/lib/avr35\libc.a
LOAD c:/winavr-20100110/bin/../lib/gcc/avr/4.3.3/avr35\libgcc.a

.hash
 *(.hash)

.dynsym
 *(.dynsym)

.dynstr
 *(.dynstr)

.gnu.version
 *(.gnu.version)

.gnu.version_d
 *(.gnu.version_d)

.gnu.version_r
 *(.gnu.version_r)

.rel.init
 *(.rel.init)

.rela.init
 *(.rela.init)

.rel.text
 *(.rel.text)
 *(.rel.text.*)
 *(.rel.gnu.linkonce.t*)

.rela.text
 *(.rela.text)
 *(.rela.text.*)
 *(.rela.gnu.linkonce.t*)

.rel.fini
 *(.rel.fini)

.rela.fini
 *(.rela.fini)

.rel.rodata
 *(.rel.rodata)
 *(.rel.rodata.*)
 *(.rel.gnu.linkonce.r*)

.rela.rodata
 *(.rela.rodata)
 *(.rela.rodata.*)
 *(.rela.gnu.linkonce.r*)

.rel.data
 *(.rel.data)
 *(.rel.data.*)
 *(.rel.gnu.linkonce.d*)

.rela.data
 *(.rela.data)
 *(.rela.data.*)
 *(.rela.gnu.linkonce.d*)

.rel.ctors
 *(.rel.ctors)

.rela.ctors
 *(.rela.ctors)

.rel.dtors
 *(.rel.dtors)

.rela.dtors
 *(.rela.dtors)

.rel.got
 *(.rel.got)

.rela.got
 *(.rela.got)

.rel.bss
 *(.rel.bss)

.rela.bss
 *(.rela.bss)

.rel.plt
 *(.rel.plt)

.rela.plt
 *(.rela.plt)

.text           0x00000000     0x1214
 *(.vectors)
 .vectors       0x00000000       0x74 c:/winavr-20100110/bin/../lib/gcc/avr/4.3.3/../../../../avr/lib/avr35/crtusb82.o
                0x00000000                __vectors
                0x00000000                __vector_default
 *(.vectors)
 *(.progmem.gcc*)
 *(.progmem*)
                0x00000074                . = ALIGN (0x2)
                0x00000074                __trampolines_start = .
 *(.trampolines)
 .trampolines   0x00000074        0x0 linker stubs
 *(.trampolines*)
                0x00000074                __trampolines_end = .
 *(.jumptables)
 *(.jumptables*)
 *(.lowtext)
 *(.lowtext*)
                0x00000074                __ctors_start = .
 *(.ctors)
                0x00000074                __ctors_end = .
                0x00000074                __dtors_start = .
 *(.dtors)
                0x00000074                __dtors_end = .
 SORT(*)(.ctors)
 SORT(*)(.dtors)
 *(.init0)
 .init0         0x00000074        0x0 c:/winavr-20100110/bin/../lib/gcc/avr/4.3.3/../../../../avr/lib/avr35/crtusb82.o
                0x00000074                __init
 *(.init0)
 *(.init1)
 *(.init1)
 *(.init2)
 .init2         0x00000074        0xc c:/winavr-20100110/bin/../lib/gcc/avr/4.3.3/../../../../avr/lib/avr35/crtusb82.o
 *(.init2)
 *(.init3)
 *(.init3)
 *(.init4)
 .init4         0x00000080       0x16 c:/winavr-20100110/bin/../lib/gcc/avr/4.3.3/avr35\libgcc.a(_copy_data.o)
                0x00000080                __do_copy_data
 .init4         0x00000096       0x10 c:/winavr-20100110/bin/../lib/gcc/avr/4.3.3/avr35\libgcc.a(_clear_bss.o)
                0x00000096                __do_clear_bss
 *(.init4)
 *(.init5)
 *(.init5)
 *(.init6)
 *(.init6)
 *(.init7)
 *(.init7)
 *(.init8)
 *(.init8)
 *(.init9)
 .init9         0x000000a6        0x6 c:/winavr-20100110/bin/../lib/gcc/avr/4.3.3/../../../../avr/lib/avr35/crtusb82.o
 *(.init9)
 *(.text)
 .text          0x000000ac        0x2 c:/winavr-20100110/bin/../lib/gcc/avr/4.3.3/../../../../avr/lib/avr35/crtusb82.o
                0x000000ac                __vector_22
                0x000000ac                __vector_28
                0x000000ac                __vector_1
                0x000000ac                __vector_24
                0x000000ac                __vector_12
                0x000000ac                __bad_interrupt
                0x000000ac                __vector_6
                0x000000ac                __vector_3
                0x000000ac                __vector_23
                0x000000ac                __vector_25
                0x000000ac                __vector_13
                0x000000ac                __vector_17
                0x000000ac                __vector_19
                0x000000ac                __vector_7
                0x000000ac                __vector_27
                0x000000ac                __vector_5
                0x000000ac                __vector_4
                0x000000ac                __vector_9
                0x000000ac                __vector_2
                0x000000ac                __vector_21
                0x000000ac                __vector_15
                0x000000ac                __vector_8
                0x000000ac                __vector_26
                0x000000ac                __vector_14
                0x000000ac                __vector_10
                0x000000ac                __vector_16
                0x000000ac                __vector_18
                0x000000ac                __vector_20
                0x000000ae                . = ALIGN (0x2)
 *(.text.*)
 .text.EVENT_USB_Device_Connect
                0x000000ae        0x8 Thermocouple.o
                0x000000ae                EVENT_USB_Device_Connect
 .text.EVENT_USB_Device_Disconnect
                0x000000b6        0x6 Thermocouple.o
                0x000000b6                EVENT_USB_Device_Disconnect
 .text.EVENT_USB_Device_ControlRequest
                0x000000bc        0x6 Thermocouple.o
                0x000000bc                EVENT_USB_Device_ControlRequest
 .text.EVENT_USB_Device_ConfigurationChanged
                0x000000c2        0x6 Thermocouple.o
                0x000000c2                EVENT_USB_Device_ConfigurationChanged
 .text.read_sensor
                0x000000c8       0xec Thermocouple.o
                0x000000c8                read_sensor
 .text.setupHardware
                0x000001b4       0x7a Thermocouple.o
                0x000001b4                setupHardware
 .text.main     0x0000022e       0xd0 Thermocouple.o
                0x0000022e                main
 .text.CALLBACK_USB_GetDescriptor
                0x000002fe       0x58 Descriptors.o
                0x000002fe                CALLBACK_USB_GetDescriptor
 .text.Endpoint_Write_Control_Stream_LE
                0x00000356       0xc4 LUFA/Drivers/USB/Core/AVR8/EndpointStream_AVR8.o
                0x00000356                Endpoint_Write_Control_Stream_LE
 .text.Endpoint_ConfigureEndpoint_Prv
                0x0000041a       0x28 LUFA/Drivers/USB/Core/AVR8/Endpoint_AVR8.o
                0x0000041a                Endpoint_ConfigureEndpoint_Prv
 .text.Endpoint_ConfigureEndpointTable
                0x00000442       0x78 LUFA/Drivers/USB/Core/AVR8/Endpoint_AVR8.o
                0x00000442                Endpoint_ConfigureEndpointTable
 .text.Endpoint_ClearStatusStage
                0x000004ba       0x3e LUFA/Drivers/USB/Core/AVR8/Endpoint_AVR8.o
                0x000004ba                Endpoint_ClearStatusStage
 .text.Endpoint_WaitUntilReady
                0x000004f8       0x62 LUFA/Drivers/USB/Core/AVR8/Endpoint_AVR8.o
                0x000004f8                Endpoint_WaitUntilReady
 .text.USB_ResetInterface
                0x0000055a       0x66 LUFA/Drivers/USB/Core/AVR8/USBController_AVR8.o
                0x0000055a                USB_ResetInterface
 .text.USB_Init
                0x000005c0       0x12 LUFA/Drivers/USB/Core/AVR8/USBController_AVR8.o
                0x000005c0                USB_Init
 .text.USB_INT_DisableAllInterrupts
                0x000005d2        0x6 LUFA/Drivers/USB/Core/AVR8/USBInterrupt_AVR8.o
                0x000005d2                USB_INT_DisableAllInterrupts
 .text.USB_INT_ClearAllInterrupts
                0x000005d8        0x6 LUFA/Drivers/USB/Core/AVR8/USBInterrupt_AVR8.o
                0x000005d8                USB_INT_ClearAllInterrupts
 .text.__vector_11
                0x000005de      0x124 LUFA/Drivers/USB/Core/AVR8/USBInterrupt_AVR8.o
                0x000005de                __vector_11
 .text.USB_Device_ProcessControlRequest
                0x00000702      0x21a LUFA/Drivers/USB/Core/DeviceStandardReq.o
                0x00000702                USB_Device_ProcessControlRequest
 .text.USB_Event_Stub
                0x0000091c        0x2 LUFA/Drivers/USB/Core/Events.o
                0x0000091c                EVENT_USB_Device_WakeUp
                0x0000091c                USB_Event_Stub
                0x0000091c                EVENT_USB_Device_Suspend
                0x0000091c                EVENT_USB_Device_StartOfFrame
                0x0000091c                EVENT_USB_Device_Reset
 .text.USB_USBTask
                0x0000091e       0x28 LUFA/Drivers/USB/Core/USBTask.o
                0x0000091e                USB_USBTask
 .text.CDC_Device_ReceiveByte
                0x00000946       0x5a LUFA/Drivers/USB/Class/Device/CDCClassDevice.o
                0x00000946                CDC_Device_ReceiveByte
 .text.CDC_Device_CreateStream
                0x000009a0       0x26 LUFA/Drivers/USB/Class/Device/CDCClassDevice.o
                0x000009a0                CDC_Device_CreateStream
 .text.CDC_Device_getchar
                0x000009c6       0x16 LUFA/Drivers/USB/Class/Device/CDCClassDevice.o
 .text.CDC_Device_Event_Stub
                0x000009dc        0x2 LUFA/Drivers/USB/Class/Device/CDCClassDevice.o
                0x000009dc                EVENT_CDC_Device_LineEncodingChanged
                0x000009dc                EVENT_CDC_Device_ControLineStateChanged
                0x000009dc                EVENT_CDC_Device_BreakSent
                0x000009dc                CDC_Device_Event_Stub
 .text.CDC_Device_Flush
                0x000009de       0x58 LUFA/Drivers/USB/Class/Device/CDCClassDevice.o
                0x000009de                CDC_Device_Flush
 .text.CDC_Device_USBTask
                0x00000a36       0x2e LUFA/Drivers/USB/Class/Device/CDCClassDevice.o
                0x00000a36                CDC_Device_USBTask
 .text.CDC_Device_SendByte
                0x00000a64       0x4a LUFA/Drivers/USB/Class/Device/CDCClassDevice.o
                0x00000a64                CDC_Device_SendByte
 .text.CDC_Device_putchar
                0x00000aae       0x1e LUFA/Drivers/USB/Class/Device/CDCClassDevice.o
 .text.CDC_Device_ConfigureEndpoints
                0x00000acc       0x4e LUFA/Drivers/USB/Class/Device/CDCClassDevice.o
                0x00000acc                CDC_Device_ConfigureEndpoints
 .text.CDC_Device_ProcessControlRequest
                0x00000b1a      0x158 LUFA/Drivers/USB/Class/Device/CDCClassDevice.o
                0x00000b1a                CDC_Device_ProcessControlRequest
 .text.libgcc   0x00000c72       0x24 c:/winavr-20100110/bin/../lib/gcc/avr/4.3.3/avr35\libgcc.a(_mulhi3.o)
                0x00000c72                __mulhi3
 .text.avr-libc
                0x00000c96       0x22 c:/winavr-20100110/bin/../lib/gcc/avr/4.3.3/../../../../avr/lib/avr35\libc.a(fprintf.o)
                0x00000c96                fprintf
 .text.avr-libc
                0x00000cb8       0x58 c:/winavr-20100110/bin/../lib/gcc/avr/4.3.3/../../../../avr/lib/avr35\libc.a(fputc.o)
                0x00000cb8                fputc
 .text.avr-libc
                0x00000d10      0x3a6 c:/winavr-20100110/bin/../lib/gcc/avr/4.3.3/../../../../avr/lib/avr35\libc.a(vfprintf_std.o)
                0x00000d10                vfprintf
 .text.avr-libc
                0x000010b6       0x16 c:/winavr-20100110/bin/../lib/gcc/avr/4.3.3/../../../../avr/lib/avr35\libc.a(strnlen_P.o)
                0x000010b6                strnlen_P
 .text.avr-libc
                0x000010cc       0x16 c:/winavr-20100110/bin/../lib/gcc/avr/4.3.3/../../../../avr/lib/avr35\libc.a(strnlen.o)
                0x000010cc                strnlen
 .text.avr-libc
                0x000010e2       0xc0 c:/winavr-20100110/bin/../lib/gcc/avr/4.3.3/../../../../avr/lib/avr35\libc.a(ultoa_invert.o)
                0x000010e2                __ultoa_invert
 .text.libgcc   0x000011a2       0x38 c:/winavr-20100110/bin/../lib/gcc/avr/4.3.3/avr35\libgcc.a(_prologue.o)
                0x000011a2                __prologue_saves__
 .text.libgcc   0x000011da       0x36 c:/winavr-20100110/bin/../lib/gcc/avr/4.3.3/avr35\libgcc.a(_epilogue.o)
                0x000011da                __epilogue_restores__
                0x00001210                . = ALIGN (0x2)
 *(.fini9)
 .fini9         0x00001210        0x0 c:/winavr-20100110/bin/../lib/gcc/avr/4.3.3/avr35\libgcc.a(_exit.o)
                0x00001210                exit
                0x00001210                _exit
 *(.fini9)
 *(.fini8)
 *(.fini8)
 *(.fini7)
 *(.fini7)
 *(.fini6)
 *(.fini6)
 *(.fini5)
 *(.fini5)
 *(.fini4)
 *(.fini4)
 *(.fini3)
 *(.fini3)
 *(.fini2)
 *(.fini2)
 *(.fini1)
 *(.fini1)
 *(.fini0)
 .fini0         0x00001210        0x4 c:/winavr-20100110/bin/../lib/gcc/avr/4.3.3/avr35\libgcc.a(_exit.o)
 *(.fini0)
                0x00001214                _etext = .

.data           0x00800100       0xbe load address 0x00001214
                0x00800100                PROVIDE (__data_start, .)
 *(.data)
 .data          0x00800100       0x3c Thermocouple.o
                0x00800121                VirtualSerial_CDC_Interface
 .data          0x0080013c       0x82 Descriptors.o
                0x00800190                ManufacturerString
                0x0080018c                LanguageString
                0x0080013c                DeviceDescriptor
                0x008001aa                ProductString
                0x0080014e                ConfigurationDescriptor
 *(.data*)
 *(.rodata)
 *(.rodata*)
 *(.gnu.linkonce.d*)
                0x008001be                . = ALIGN (0x2)
                0x008001be                _edata = .
                0x008001be                PROVIDE (__data_end, .)

.bss            0x008001be       0x1b
                0x008001be                PROVIDE (__bss_start, .)
 *(.bss)
 .bss           0x008001be       0x11 Thermocouple.o
 *(.bss*)
 *(COMMON)
 COMMON         0x008001cf        0x1 LUFA/Drivers/USB/Core/DeviceStandardReq.o
                0x008001cf                USB_Device_ConfigurationNumber
 COMMON         0x008001d0        0x9 LUFA/Drivers/USB/Core/USBTask.o
                0x008001d0                USB_IsInitialized
                0x008001d1                USB_ControlRequest
                0x008001d9                PROVIDE (__bss_end, .)
                0x00001214                __data_load_start = LOADADDR (.data)
                0x000012d2                __data_load_end = (__data_load_start + SIZEOF (.data))

.noinit         0x008001d9        0x0
                0x008001d9                PROVIDE (__noinit_start, .)
 *(.noinit*)
                0x008001d9                PROVIDE (__noinit_end, .)
                0x008001d9                _end = .
                0x008001d9                PROVIDE (__heap_start, .)

.eeprom         0x00810000        0x0
 *(.eeprom*)
                0x00810000                __eeprom_end = .

.fuse
 *(.fuse)
 *(.lfuse)
 *(.hfuse)
 *(.efuse)

.lock
 *(.lock*)

.signature
 *(.signature*)

.stab
 *(.stab)

.stabstr
 *(.stabstr)

.stab.excl
 *(.stab.excl)

.stab.exclstr
 *(.stab.exclstr)

.stab.index
 *(.stab.index)

.stab.indexstr
 *(.stab.indexstr)

.comment
 *(.comment)

.debug
 *(.debug)

.line
 *(.line)

.debug_srcinfo
 *(.debug_srcinfo)

.debug_sfnames
 *(.debug_sfnames)

.debug_aranges  0x00000000      0x508
 *(.debug_aranges)
 .debug_aranges
                0x00000000       0x50 Thermocouple.o
 .debug_aranges
                0x00000050       0x20 Descriptors.o
 .debug_aranges
                0x00000070       0x38 LUFA/Drivers/USB/Class/Common/HIDParser.o
 .debug_aranges
                0x000000a8       0x20 LUFA/Drivers/USB/Core/AVR8/Device_AVR8.o
 .debug_aranges
                0x000000c8       0xc8 LUFA/Drivers/USB/Core/AVR8/EndpointStream_AVR8.o
 .debug_aranges
                0x00000190       0x40 LUFA/Drivers/USB/Core/AVR8/Endpoint_AVR8.o
 .debug_aranges
                0x000001d0       0x30 LUFA/Drivers/USB/Core/AVR8/USBController_AVR8.o
 .debug_aranges
                0x00000200       0x30 LUFA/Drivers/USB/Core/AVR8/USBInterrupt_AVR8.o
 .debug_aranges
                0x00000230       0x38 LUFA/Drivers/USB/Core/ConfigDescriptors.o
 .debug_aranges
                0x00000268       0x20 LUFA/Drivers/USB/Core/DeviceStandardReq.o
 .debug_aranges
                0x00000288       0x20 LUFA/Drivers/USB/Core/Events.o
 .debug_aranges
                0x000002a8       0x20 LUFA/Drivers/USB/Core/USBTask.o
 .debug_aranges
                0x000002c8       0x30 LUFA/Drivers/USB/Class/Device/AudioClassDevice.o
 .debug_aranges
                0x000002f8       0x98 LUFA/Drivers/USB/Class/Device/CDCClassDevice.o
 .debug_aranges
                0x00000390       0x30 LUFA/Drivers/USB/Class/Device/HIDClassDevice.o
 .debug_aranges
                0x000003c0       0x30 LUFA/Drivers/USB/Class/Device/MassStorageClassDevice.o
 .debug_aranges
                0x000003f0       0x40 LUFA/Drivers/USB/Class/Device/MIDIClassDevice.o
 .debug_aranges
                0x00000430       0x90 LUFA/Drivers/USB/Class/Device/PrinterClassDevice.o
 .debug_aranges
                0x000004c0       0x48 LUFA/Drivers/USB/Class/Device/RNDISClassDevice.o

.debug_pubnames
                0x00000000      0xd99
 *(.debug_pubnames)
 .debug_pubnames
                0x00000000       0xe8 Thermocouple.o
 .debug_pubnames
                0x000000e8       0x9e Descriptors.o
 .debug_pubnames
                0x00000186       0x7e LUFA/Drivers/USB/Class/Common/HIDParser.o
 .debug_pubnames
                0x00000204       0x32 LUFA/Drivers/USB/Core/AVR8/Device_AVR8.o
 .debug_pubnames
                0x00000236      0x2df LUFA/Drivers/USB/Core/AVR8/EndpointStream_AVR8.o
 .debug_pubnames
                0x00000515       0xaf LUFA/Drivers/USB/Core/AVR8/Endpoint_AVR8.o
 .debug_pubnames
                0x000005c4       0x46 LUFA/Drivers/USB/Core/AVR8/USBController_AVR8.o
 .debug_pubnames
                0x0000060a       0x62 LUFA/Drivers/USB/Core/AVR8/USBInterrupt_AVR8.o
 .debug_pubnames
                0x0000066c       0x9b LUFA/Drivers/USB/Core/ConfigDescriptors.o
 .debug_pubnames
                0x00000707       0x5a LUFA/Drivers/USB/Core/DeviceStandardReq.o
 .debug_pubnames
                0x00000761       0x25 LUFA/Drivers/USB/Core/Events.o
 .debug_pubnames
                0x00000786       0x4f LUFA/Drivers/USB/Core/USBTask.o
 .debug_pubnames
                0x000007d5       0x79 LUFA/Drivers/USB/Class/Device/AudioClassDevice.o
 .debug_pubnames
                0x0000084e      0x18b LUFA/Drivers/USB/Class/Device/CDCClassDevice.o
 .debug_pubnames
                0x000009d9       0x70 LUFA/Drivers/USB/Class/Device/HIDClassDevice.o
 .debug_pubnames
                0x00000a49       0x6d LUFA/Drivers/USB/Class/Device/MassStorageClassDevice.o
 .debug_pubnames
                0x00000ab6       0xa6 LUFA/Drivers/USB/Class/Device/MIDIClassDevice.o
 .debug_pubnames
                0x00000b5c      0x16d LUFA/Drivers/USB/Class/Device/PrinterClassDevice.o
 .debug_pubnames
                0x00000cc9       0xd0 LUFA/Drivers/USB/Class/Device/RNDISClassDevice.o

.debug_info     0x00000000     0x8585
 *(.debug_info)
 .debug_info    0x00000000      0x4f7 Thermocouple.o
 .debug_info    0x000004f7      0x62a Descriptors.o
 .debug_info    0x00000b21      0x6ee LUFA/Drivers/USB/Class/Common/HIDParser.o
 .debug_info    0x0000120f       0xc4 LUFA/Drivers/USB/Core/AVR8/Device_AVR8.o
 .debug_info    0x000012d3     0x15c2 LUFA/Drivers/USB/Core/AVR8/EndpointStream_AVR8.o
 .debug_info    0x00002895      0x570 LUFA/Drivers/USB/Core/AVR8/Endpoint_AVR8.o
 .debug_info    0x00002e05       0x61 LUFA/Drivers/USB/Core/AVR8/Host_AVR8.o
 .debug_info    0x00002e66       0x61 LUFA/Drivers/USB/Core/AVR8/PipeStream_AVR8.o
 .debug_info    0x00002ec7       0x61 LUFA/Drivers/USB/Core/AVR8/Pipe_AVR8.o
 .debug_info    0x00002f28      0x40e LUFA/Drivers/USB/Core/AVR8/USBController_AVR8.o
 .debug_info    0x00003336      0x489 LUFA/Drivers/USB/Core/AVR8/USBInterrupt_AVR8.o
 .debug_info    0x000037bf      0x34e LUFA/Drivers/USB/Core/ConfigDescriptors.o
 .debug_info    0x00003b0d      0x724 LUFA/Drivers/USB/Core/DeviceStandardReq.o
 .debug_info    0x00004231       0x79 LUFA/Drivers/USB/Core/Events.o
 .debug_info    0x000042aa       0x61 LUFA/Drivers/USB/Core/HostStandardReq.o
 .debug_info    0x0000430b      0x252 LUFA/Drivers/USB/Core/USBTask.o
 .debug_info    0x0000455d      0x54c LUFA/Drivers/USB/Class/Device/AudioClassDevice.o
 .debug_info    0x00004aa9      0xbde LUFA/Drivers/USB/Class/Device/CDCClassDevice.o
 .debug_info    0x00005687      0x61b LUFA/Drivers/USB/Class/Device/HIDClassDevice.o
 .debug_info    0x00005ca2      0x7b8 LUFA/Drivers/USB/Class/Device/MassStorageClassDevice.o
 .debug_info    0x0000645a      0x4bd LUFA/Drivers/USB/Class/Device/MIDIClassDevice.o
 .debug_info    0x00006917      0xaba LUFA/Drivers/USB/Class/Device/PrinterClassDevice.o
 .debug_info    0x000073d1      0xe4b LUFA/Drivers/USB/Class/Device/RNDISClassDevice.o
 .debug_info    0x0000821c       0x61 LUFA/Drivers/USB/Class/Host/AndroidAccessoryClassHost.o
 .debug_info    0x0000827d       0x61 LUFA/Drivers/USB/Class/Host/AudioClassHost.o
 .debug_info    0x000082de       0x61 LUFA/Drivers/USB/Class/Host/CDCClassHost.o
 .debug_info    0x0000833f       0x61 LUFA/Drivers/USB/Class/Host/HIDClassHost.o
 .debug_info    0x000083a0       0x61 LUFA/Drivers/USB/Class/Host/MassStorageClassHost.o
 .debug_info    0x00008401       0x61 LUFA/Drivers/USB/Class/Host/MIDIClassHost.o
 .debug_info    0x00008462       0x61 LUFA/Drivers/USB/Class/Host/PrinterClassHost.o
 .debug_info    0x000084c3       0x61 LUFA/Drivers/USB/Class/Host/RNDISClassHost.o
 .debug_info    0x00008524       0x61 LUFA/Drivers/USB/Class/Host/StillImageClassHost.o
 *(.gnu.linkonce.wi.*)

.debug_abbrev   0x00000000     0x227f
 *(.debug_abbrev)
 .debug_abbrev  0x00000000      0x211 Thermocouple.o
 .debug_abbrev  0x00000211      0x128 Descriptors.o
 .debug_abbrev  0x00000339      0x201 LUFA/Drivers/USB/Class/Common/HIDParser.o
 .debug_abbrev  0x0000053a       0x79 LUFA/Drivers/USB/Core/AVR8/Device_AVR8.o
 .debug_abbrev  0x000005b3      0x1b4 LUFA/Drivers/USB/Core/AVR8/EndpointStream_AVR8.o
 .debug_abbrev  0x00000767      0x1e9 LUFA/Drivers/USB/Core/AVR8/Endpoint_AVR8.o
 .debug_abbrev  0x00000950       0x33 LUFA/Drivers/USB/Core/AVR8/Host_AVR8.o
 .debug_abbrev  0x00000983       0x33 LUFA/Drivers/USB/Core/AVR8/PipeStream_AVR8.o
 .debug_abbrev  0x000009b6       0x33 LUFA/Drivers/USB/Core/AVR8/Pipe_AVR8.o
 .debug_abbrev  0x000009e9      0x154 LUFA/Drivers/USB/Core/AVR8/USBController_AVR8.o
 .debug_abbrev  0x00000b3d      0x178 LUFA/Drivers/USB/Core/AVR8/USBInterrupt_AVR8.o
 .debug_abbrev  0x00000cb5      0x15c LUFA/Drivers/USB/Core/ConfigDescriptors.o
 .debug_abbrev  0x00000e11      0x1ed LUFA/Drivers/USB/Core/DeviceStandardReq.o
 .debug_abbrev  0x00000ffe       0x4a LUFA/Drivers/USB/Core/Events.o
 .debug_abbrev  0x00001048       0x33 LUFA/Drivers/USB/Core/HostStandardReq.o
 .debug_abbrev  0x0000107b      0x174 LUFA/Drivers/USB/Core/USBTask.o
 .debug_abbrev  0x000011ef      0x169 LUFA/Drivers/USB/Class/Device/AudioClassDevice.o
 .debug_abbrev  0x00001358      0x300 LUFA/Drivers/USB/Class/Device/CDCClassDevice.o
 .debug_abbrev  0x00001658      0x1b1 LUFA/Drivers/USB/Class/Device/HIDClassDevice.o
 .debug_abbrev  0x00001809      0x20f LUFA/Drivers/USB/Class/Device/MassStorageClassDevice.o
 .debug_abbrev  0x00001a18      0x18a LUFA/Drivers/USB/Class/Device/MIDIClassDevice.o
 .debug_abbrev  0x00001ba2      0x262 LUFA/Drivers/USB/Class/Device/PrinterClassDevice.o
 .debug_abbrev  0x00001e04      0x2b0 LUFA/Drivers/USB/Class/Device/RNDISClassDevice.o
 .debug_abbrev  0x000020b4       0x33 LUFA/Drivers/USB/Class/Host/AndroidAccessoryClassHost.o
 .debug_abbrev  0x000020e7       0x33 LUFA/Drivers/USB/Class/Host/AudioClassHost.o
 .debug_abbrev  0x0000211a       0x33 LUFA/Drivers/USB/Class/Host/CDCClassHost.o
 .debug_abbrev  0x0000214d       0x33 LUFA/Drivers/USB/Class/Host/HIDClassHost.o
 .debug_abbrev  0x00002180       0x33 LUFA/Drivers/USB/Class/Host/MassStorageClassHost.o
 .debug_abbrev  0x000021b3       0x33 LUFA/Drivers/USB/Class/Host/MIDIClassHost.o
 .debug_abbrev  0x000021e6       0x33 LUFA/Drivers/USB/Class/Host/PrinterClassHost.o
 .debug_abbrev  0x00002219       0x33 LUFA/Drivers/USB/Class/Host/RNDISClassHost.o
 .debug_abbrev  0x0000224c       0x33 LUFA/Drivers/USB/Class/Host/StillImageClassHost.o

.debug_line     0x00000000     0x6715
 *(.debug_line)
 .debug_line    0x00000000      0x47f Thermocouple.o
 .debug_line    0x0000047f      0x189 Descriptors.o
 .debug_line    0x00000608      0x594 LUFA/Drivers/USB/Class/Common/HIDParser.o
 .debug_line    0x00000b9c      0x11b LUFA/Drivers/USB/Core/AVR8/Device_AVR8.o
 .debug_line    0x00000cb7     0x17f3 LUFA/Drivers/USB/Core/AVR8/EndpointStream_AVR8.o
 .debug_line    0x000024aa      0x45e LUFA/Drivers/USB/Core/AVR8/Endpoint_AVR8.o
 .debug_line    0x00002908       0x3e LUFA/Drivers/USB/Core/AVR8/Host_AVR8.o
 .debug_line    0x00002946       0x3e LUFA/Drivers/USB/Core/AVR8/PipeStream_AVR8.o
 .debug_line    0x00002984       0x3e LUFA/Drivers/USB/Core/AVR8/Pipe_AVR8.o
 .debug_line    0x000029c2      0x321 LUFA/Drivers/USB/Core/AVR8/USBController_AVR8.o
 .debug_line    0x00002ce3      0x407 LUFA/Drivers/USB/Core/AVR8/USBInterrupt_AVR8.o
 .debug_line    0x000030ea      0x234 LUFA/Drivers/USB/Core/ConfigDescriptors.o
 .debug_line    0x0000331e      0x428 LUFA/Drivers/USB/Core/DeviceStandardReq.o
 .debug_line    0x00003746       0x7a LUFA/Drivers/USB/Core/Events.o
 .debug_line    0x000037c0       0x3e LUFA/Drivers/USB/Core/HostStandardReq.o
 .debug_line    0x000037fe      0x195 LUFA/Drivers/USB/Core/USBTask.o
 .debug_line    0x00003993      0x496 LUFA/Drivers/USB/Class/Device/AudioClassDevice.o
 .debug_line    0x00003e29      0x8f3 LUFA/Drivers/USB/Class/Device/CDCClassDevice.o
 .debug_line    0x0000471c      0x57e LUFA/Drivers/USB/Class/Device/HIDClassDevice.o
 .debug_line    0x00004c9a      0x58e LUFA/Drivers/USB/Class/Device/MassStorageClassDevice.o
 .debug_line    0x00005228      0x387 LUFA/Drivers/USB/Class/Device/MIDIClassDevice.o
 .debug_line    0x000055af      0x7f9 LUFA/Drivers/USB/Class/Device/PrinterClassDevice.o
 .debug_line    0x00005da8      0x73f LUFA/Drivers/USB/Class/Device/RNDISClassDevice.o
 .debug_line    0x000064e7       0x3e LUFA/Drivers/USB/Class/Host/AndroidAccessoryClassHost.o
 .debug_line    0x00006525       0x3e LUFA/Drivers/USB/Class/Host/AudioClassHost.o
 .debug_line    0x00006563       0x3e LUFA/Drivers/USB/Class/Host/CDCClassHost.o
 .debug_line    0x000065a1       0x3e LUFA/Drivers/USB/Class/Host/HIDClassHost.o
 .debug_line    0x000065df       0x3e LUFA/Drivers/USB/Class/Host/MassStorageClassHost.o
 .debug_line    0x0000661d       0x3e LUFA/Drivers/USB/Class/Host/MIDIClassHost.o
 .debug_line    0x0000665b       0x3e LUFA/Drivers/USB/Class/Host/PrinterClassHost.o
 .debug_line    0x00006699       0x3e LUFA/Drivers/USB/Class/Host/RNDISClassHost.o
 .debug_line    0x000066d7       0x3e LUFA/Drivers/USB/Class/Host/StillImageClassHost.o

.debug_frame    0x00000000      0x7b0
 *(.debug_frame)
 .debug_frame   0x00000000       0x80 Thermocouple.o
 .debug_frame   0x00000080       0x20 Descriptors.o
 .debug_frame   0x000000a0       0x50 LUFA/Drivers/USB/Class/Common/HIDParser.o
 .debug_frame   0x000000f0       0x20 LUFA/Drivers/USB/Core/AVR8/Device_AVR8.o
 .debug_frame   0x00000110      0x170 LUFA/Drivers/USB/Core/AVR8/EndpointStream_AVR8.o
 .debug_frame   0x00000280       0x60 LUFA/Drivers/USB/Core/AVR8/Endpoint_AVR8.o
 .debug_frame   0x000002e0       0x40 LUFA/Drivers/USB/Core/AVR8/USBController_AVR8.o
 .debug_frame   0x00000320       0x40 LUFA/Drivers/USB/Core/AVR8/USBInterrupt_AVR8.o
 .debug_frame   0x00000360       0x50 LUFA/Drivers/USB/Core/ConfigDescriptors.o
 .debug_frame   0x000003b0       0x20 LUFA/Drivers/USB/Core/DeviceStandardReq.o
 .debug_frame   0x000003d0       0x20 LUFA/Drivers/USB/Core/Events.o
 .debug_frame   0x000003f0       0x20 LUFA/Drivers/USB/Core/USBTask.o
 .debug_frame   0x00000410       0x40 LUFA/Drivers/USB/Class/Device/AudioClassDevice.o
 .debug_frame   0x00000450      0x110 LUFA/Drivers/USB/Class/Device/CDCClassDevice.o
 .debug_frame   0x00000560       0x40 LUFA/Drivers/USB/Class/Device/HIDClassDevice.o
 .debug_frame   0x000005a0       0x40 LUFA/Drivers/USB/Class/Device/MassStorageClassDevice.o
 .debug_frame   0x000005e0       0x60 LUFA/Drivers/USB/Class/Device/MIDIClassDevice.o
 .debug_frame   0x00000640      0x100 LUFA/Drivers/USB/Class/Device/PrinterClassDevice.o
 .debug_frame   0x00000740       0x70 LUFA/Drivers/USB/Class/Device/RNDISClassDevice.o

.debug_str      0x00000000     0x351c
 *(.debug_str)
 .debug_str     0x00000000      0x34b Thermocouple.o
                                0x3d1 (size before relaxing)
 .debug_str     0x0000034b      0x56f Descriptors.o
                                0x6a3 (size before relaxing)
 .debug_str     0x000008ba      0x47b LUFA/Drivers/USB/Class/Common/HIDParser.o
                                0x5c8 (size before relaxing)
 .debug_str     0x00000d35       0x71 LUFA/Drivers/USB/Core/AVR8/Device_AVR8.o
                                0x123 (size before relaxing)
 .debug_str     0x00000da6      0x64d LUFA/Drivers/USB/Core/AVR8/EndpointStream_AVR8.o
                                0x741 (size before relaxing)
 .debug_str     0x000013f3      0x2c5 LUFA/Drivers/USB/Core/AVR8/Endpoint_AVR8.o
                                0x51a (size before relaxing)
 .debug_str     0x000016b8       0x27 LUFA/Drivers/USB/Core/AVR8/Host_AVR8.o
                                 0xd3 (size before relaxing)
 .debug_str     0x000016df       0x2d LUFA/Drivers/USB/Core/AVR8/PipeStream_AVR8.o
                                 0xd9 (size before relaxing)
 .debug_str     0x0000170c       0x27 LUFA/Drivers/USB/Core/AVR8/Pipe_AVR8.o
                                 0xd3 (size before relaxing)
 .debug_str     0x00001733      0x1c4 LUFA/Drivers/USB/Core/AVR8/USBController_AVR8.o
                                0x3bd (size before relaxing)
 .debug_str     0x000018f7       0xd0 LUFA/Drivers/USB/Core/AVR8/USBInterrupt_AVR8.o
                                0x375 (size before relaxing)
 .debug_str     0x000019c7      0x217 LUFA/Drivers/USB/Core/ConfigDescriptors.o
                                0x2f1 (size before relaxing)
 .debug_str     0x00001bde      0x32e LUFA/Drivers/USB/Core/DeviceStandardReq.o
                                0x5ec (size before relaxing)
 .debug_str     0x00001f0c       0x2e LUFA/Drivers/USB/Core/Events.o
                                 0xda (size before relaxing)
 .debug_str     0x00001f3a       0x28 LUFA/Drivers/USB/Core/HostStandardReq.o
                                 0xd4 (size before relaxing)
 .debug_str     0x00001f62       0x64 LUFA/Drivers/USB/Core/USBTask.o
                                0x281 (size before relaxing)
 .debug_str     0x00001fc6      0x233 LUFA/Drivers/USB/Class/Device/AudioClassDevice.o
                                0x501 (size before relaxing)
 .debug_str     0x000021f9      0x2f4 LUFA/Drivers/USB/Class/Device/CDCClassDevice.o
                                0x8b5 (size before relaxing)
 .debug_str     0x000024ed      0x1e7 LUFA/Drivers/USB/Class/Device/HIDClassDevice.o
                                0x530 (size before relaxing)
 .debug_str     0x000026d4      0x237 LUFA/Drivers/USB/Class/Device/MassStorageClassDevice.o
                                0x691 (size before relaxing)
 .debug_str     0x0000290b      0x112 LUFA/Drivers/USB/Class/Device/MIDIClassDevice.o
                                0x52f (size before relaxing)
 .debug_str     0x00002a1d      0x266 LUFA/Drivers/USB/Class/Device/PrinterClassDevice.o
                                0x7c9 (size before relaxing)
 .debug_str     0x00002c83      0x6f1 LUFA/Drivers/USB/Class/Device/RNDISClassDevice.o
                                0xbd8 (size before relaxing)
 .debug_str     0x00003374       0x38 LUFA/Drivers/USB/Class/Host/AndroidAccessoryClassHost.o
                                 0xe4 (size before relaxing)
 .debug_str     0x000033ac       0x2d LUFA/Drivers/USB/Class/Host/AudioClassHost.o
                                 0xd9 (size before relaxing)
 .debug_str     0x000033d9       0x2b LUFA/Drivers/USB/Class/Host/CDCClassHost.o
                                 0xd7 (size before relaxing)
 .debug_str     0x00003404       0x2b LUFA/Drivers/USB/Class/Host/HIDClassHost.o
                                 0xd7 (size before relaxing)
 .debug_str     0x0000342f       0x33 LUFA/Drivers/USB/Class/Host/MassStorageClassHost.o
                                 0xdf (size before relaxing)
 .debug_str     0x00003462       0x2c LUFA/Drivers/USB/Class/Host/MIDIClassHost.o
                                 0xd8 (size before relaxing)
 .debug_str     0x0000348e       0x2f LUFA/Drivers/USB/Class/Host/PrinterClassHost.o
                                 0xdb (size before relaxing)
 .debug_str     0x000034bd       0x2d LUFA/Drivers/USB/Class/Host/RNDISClassHost.o
                                 0xd9 (size before relaxing)
 .debug_str     0x000034ea       0x32 LUFA/Drivers/USB/Class/Host/StillImageClassHost.o
                                 0xde (size before relaxing)

.debug_loc      0x00000000     0x3685
 *(.debug_loc)
 .debug_loc     0x00000000       0x58 Thermocouple.o
 .debug_loc     0x00000058      0x150 Descriptors.o
 .debug_loc     0x000001a8      0x55c LUFA/Drivers/USB/Class/Common/HIDParser.o
 .debug_loc     0x00000704     0x182a LUFA/Drivers/USB/Core/AVR8/EndpointStream_AVR8.o
 .debug_loc     0x00001f2e      0x111 LUFA/Drivers/USB/Core/AVR8/Endpoint_AVR8.o
 .debug_loc     0x0000203f      0x2c7 LUFA/Drivers/USB/Core/ConfigDescriptors.o
 .debug_loc     0x00002306      0x160 LUFA/Drivers/USB/Core/DeviceStandardReq.o
 .debug_loc     0x00002466      0x25d LUFA/Drivers/USB/Class/Device/AudioClassDevice.o
 .debug_loc     0x000026c3      0x42c LUFA/Drivers/USB/Class/Device/CDCClassDevice.o
 .debug_loc     0x00002aef      0x141 LUFA/Drivers/USB/Class/Device/HIDClassDevice.o
 .debug_loc     0x00002c30       0x96 LUFA/Drivers/USB/Class/Device/MassStorageClassDevice.o
 .debug_loc     0x00002cc6      0x19f LUFA/Drivers/USB/Class/Device/MIDIClassDevice.o
 .debug_loc     0x00002e65      0x3bc LUFA/Drivers/USB/Class/Device/PrinterClassDevice.o
 .debug_loc     0x00003221      0x464 LUFA/Drivers/USB/Class/Device/RNDISClassDevice.o

.debug_macinfo
 *(.debug_macinfo)
OUTPUT(Thermocouple.elf elf32-avr)
LOAD linker stubs

.debug_ranges   0x00000000      0x5d8
 .debug_ranges  0x00000000       0x90 Thermocouple.o
 .debug_ranges  0x00000090       0x18 Descriptors.o
 .debug_ranges  0x000000a8       0xa0 LUFA/Drivers/USB/Class/Common/HIDParser.o
 .debug_ranges  0x00000148       0x18 LUFA/Drivers/USB/Core/AVR8/Device_AVR8.o
 .debug_ranges  0x00000160       0xc0 LUFA/Drivers/USB/Core/AVR8/EndpointStream_AVR8.o
 .debug_ranges  0x00000220       0x50 LUFA/Drivers/USB/Core/AVR8/Endpoint_AVR8.o
 .debug_ranges  0x00000270       0x28 LUFA/Drivers/USB/Core/AVR8/USBController_AVR8.o
 .debug_ranges  0x00000298       0x28 LUFA/Drivers/USB/Core/AVR8/USBInterrupt_AVR8.o
 .debug_ranges  0x000002c0       0x30 LUFA/Drivers/USB/Core/ConfigDescriptors.o
 .debug_ranges  0x000002f0       0x18 LUFA/Drivers/USB/Core/DeviceStandardReq.o
 .debug_ranges  0x00000308       0x18 LUFA/Drivers/USB/Core/Events.o
 .debug_ranges  0x00000320       0x18 LUFA/Drivers/USB/Core/USBTask.o
 .debug_ranges  0x00000338       0x28 LUFA/Drivers/USB/Class/Device/AudioClassDevice.o
 .debug_ranges  0x00000360       0x90 LUFA/Drivers/USB/Class/Device/CDCClassDevice.o
 .debug_ranges  0x000003f0       0x28 LUFA/Drivers/USB/Class/Device/HIDClassDevice.o
 .debug_ranges  0x00000418       0x78 LUFA/Drivers/USB/Class/Device/MassStorageClassDevice.o
 .debug_ranges  0x00000490       0x38 LUFA/Drivers/USB/Class/Device/MIDIClassDevice.o
 .debug_ranges  0x000004c8       0x88 LUFA/Drivers/USB/Class/Device/PrinterClassDevice.o
 .debug_ranges  0x00000550       0x88 LUFA/Drivers/USB/Class/Device/RNDISClassDevice.o

Cross Reference Table

Symbol                                            File
Audio_Device_ConfigureEndpoints                   LUFA/Drivers/USB/Class/Device/AudioClassDevice.o
Audio_Device_Event_Stub                           LUFA/Drivers/USB/Class/Device/AudioClassDevice.o
Audio_Device_ProcessControlRequest                LUFA/Drivers/USB/Class/Device/AudioClassDevice.o
CALLBACK_Audio_Device_GetSetEndpointProperty      LUFA/Drivers/USB/Class/Device/AudioClassDevice.o
CALLBACK_Audio_Device_GetSetInterfaceProperty     LUFA/Drivers/USB/Class/Device/AudioClassDevice.o
CALLBACK_HIDParser_FilterHIDReportItem            LUFA/Drivers/USB/Class/Common/HIDParser.o
CALLBACK_HID_Device_CreateHIDReport               LUFA/Drivers/USB/Class/Device/HIDClassDevice.o
CALLBACK_HID_Device_ProcessHIDReport              LUFA/Drivers/USB/Class/Device/HIDClassDevice.o
CALLBACK_MS_Device_SCSICommandReceived            LUFA/Drivers/USB/Class/Device/MassStorageClassDevice.o
CALLBACK_USB_GetDescriptor                        Descriptors.o
                                                  LUFA/Drivers/USB/Core/DeviceStandardReq.o
CDC_Device_BytesReceived                          LUFA/Drivers/USB/Class/Device/CDCClassDevice.o
CDC_Device_ConfigureEndpoints                     LUFA/Drivers/USB/Class/Device/CDCClassDevice.o
                                                  Thermocouple.o
CDC_Device_CreateBlockingStream                   LUFA/Drivers/USB/Class/Device/CDCClassDevice.o
CDC_Device_CreateStream                           LUFA/Drivers/USB/Class/Device/CDCClassDevice.o
                                                  Thermocouple.o
CDC_Device_Event_Stub                             LUFA/Drivers/USB/Class/Device/CDCClassDevice.o
CDC_Device_Flush                                  LUFA/Drivers/USB/Class/Device/CDCClassDevice.o
CDC_Device_ProcessControlRequest                  LUFA/Drivers/USB/Class/Device/CDCClassDevice.o
                                                  Thermocouple.o
CDC_Device_ReceiveByte                            LUFA/Drivers/USB/Class/Device/CDCClassDevice.o
CDC_Device_SendByte                               LUFA/Drivers/USB/Class/Device/CDCClassDevice.o
CDC_Device_SendControlLineStateChange             LUFA/Drivers/USB/Class/Device/CDCClassDevice.o
CDC_Device_SendData                               LUFA/Drivers/USB/Class/Device/CDCClassDevice.o
CDC_Device_SendString                             LUFA/Drivers/USB/Class/Device/CDCClassDevice.o
CDC_Device_USBTask                                LUFA/Drivers/USB/Class/Device/CDCClassDevice.o
                                                  Thermocouple.o
ConfigurationDescriptor                           Descriptors.o
DeviceDescriptor                                  Descriptors.o
EVENT_Audio_Device_StreamStartStop                LUFA/Drivers/USB/Class/Device/AudioClassDevice.o
EVENT_CDC_Device_BreakSent                        LUFA/Drivers/USB/Class/Device/CDCClassDevice.o
EVENT_CDC_Device_ControLineStateChanged           LUFA/Drivers/USB/Class/Device/CDCClassDevice.o
EVENT_CDC_Device_LineEncodingChanged              LUFA/Drivers/USB/Class/Device/CDCClassDevice.o
EVENT_PRNT_Device_SoftReset                       LUFA/Drivers/USB/Class/Device/PrinterClassDevice.o
EVENT_USB_Device_ConfigurationChanged             Thermocouple.o
                                                  LUFA/Drivers/USB/Core/DeviceStandardReq.o
EVENT_USB_Device_Connect                          Thermocouple.o
                                                  LUFA/Drivers/USB/Core/AVR8/USBInterrupt_AVR8.o
EVENT_USB_Device_ControlRequest                   Thermocouple.o
                                                  LUFA/Drivers/USB/Core/DeviceStandardReq.o
EVENT_USB_Device_Disconnect                       Thermocouple.o
                                                  LUFA/Drivers/USB/Core/AVR8/USBInterrupt_AVR8.o
EVENT_USB_Device_Reset                            LUFA/Drivers/USB/Core/Events.o
                                                  LUFA/Drivers/USB/Core/AVR8/USBInterrupt_AVR8.o
EVENT_USB_Device_StartOfFrame                     LUFA/Drivers/USB/Core/Events.o
EVENT_USB_Device_Suspend                          LUFA/Drivers/USB/Core/Events.o
EVENT_USB_Device_WakeUp                           LUFA/Drivers/USB/Core/Events.o
Endpoint_ClearEndpoints                           LUFA/Drivers/USB/Core/AVR8/Endpoint_AVR8.o
Endpoint_ClearStatusStage                         LUFA/Drivers/USB/Core/AVR8/Endpoint_AVR8.o
                                                  LUFA/Drivers/USB/Class/Device/PrinterClassDevice.o
                                                  LUFA/Drivers/USB/Class/Device/MassStorageClassDevice.o
                                                  LUFA/Drivers/USB/Class/Device/HIDClassDevice.o
                                                  LUFA/Drivers/USB/Class/Device/CDCClassDevice.o
                                                  LUFA/Drivers/USB/Class/Device/AudioClassDevice.o
                                                  LUFA/Drivers/USB/Core/DeviceStandardReq.o
Endpoint_ConfigureEndpointTable                   LUFA/Drivers/USB/Core/AVR8/Endpoint_AVR8.o
                                                  LUFA/Drivers/USB/Class/Device/RNDISClassDevice.o
                                                  LUFA/Drivers/USB/Class/Device/PrinterClassDevice.o
                                                  LUFA/Drivers/USB/Class/Device/MIDIClassDevice.o
                                                  LUFA/Drivers/USB/Class/Device/MassStorageClassDevice.o
                                                  LUFA/Drivers/USB/Class/Device/HIDClassDevice.o
                                                  LUFA/Drivers/USB/Class/Device/CDCClassDevice.o
                                                  LUFA/Drivers/USB/Class/Device/AudioClassDevice.o
Endpoint_ConfigureEndpoint_Prv                    LUFA/Drivers/USB/Core/AVR8/Endpoint_AVR8.o
                                                  LUFA/Drivers/USB/Core/AVR8/USBInterrupt_AVR8.o
                                                  LUFA/Drivers/USB/Core/AVR8/USBController_AVR8.o
Endpoint_Discard_Stream                           LUFA/Drivers/USB/Core/AVR8/EndpointStream_AVR8.o
Endpoint_Null_Stream                              LUFA/Drivers/USB/Core/AVR8/EndpointStream_AVR8.o
Endpoint_Read_Control_EStream_BE                  LUFA/Drivers/USB/Core/AVR8/EndpointStream_AVR8.o
Endpoint_Read_Control_EStream_LE                  LUFA/Drivers/USB/Core/AVR8/EndpointStream_AVR8.o
Endpoint_Read_Control_Stream_BE                   LUFA/Drivers/USB/Core/AVR8/EndpointStream_AVR8.o
Endpoint_Read_Control_Stream_LE                   LUFA/Drivers/USB/Core/AVR8/EndpointStream_AVR8.o
                                                  LUFA/Drivers/USB/Class/Device/RNDISClassDevice.o
                                                  LUFA/Drivers/USB/Class/Device/HIDClassDevice.o
                                                  LUFA/Drivers/USB/Class/Device/AudioClassDevice.o
Endpoint_Read_EStream_BE                          LUFA/Drivers/USB/Core/AVR8/EndpointStream_AVR8.o
Endpoint_Read_EStream_LE                          LUFA/Drivers/USB/Core/AVR8/EndpointStream_AVR8.o
Endpoint_Read_Stream_BE                           LUFA/Drivers/USB/Core/AVR8/EndpointStream_AVR8.o
Endpoint_Read_Stream_LE                           LUFA/Drivers/USB/Core/AVR8/EndpointStream_AVR8.o
                                                  LUFA/Drivers/USB/Class/Device/RNDISClassDevice.o
                                                  LUFA/Drivers/USB/Class/Device/MIDIClassDevice.o
                                                  LUFA/Drivers/USB/Class/Device/MassStorageClassDevice.o
Endpoint_WaitUntilReady                           LUFA/Drivers/USB/Core/AVR8/Endpoint_AVR8.o
                                                  LUFA/Drivers/USB/Class/Device/RNDISClassDevice.o
                                                  LUFA/Drivers/USB/Class/Device/PrinterClassDevice.o
                                                  LUFA/Drivers/USB/Class/Device/MIDIClassDevice.o
                                                  LUFA/Drivers/USB/Class/Device/CDCClassDevice.o
                                                  LUFA/Drivers/USB/Core/AVR8/EndpointStream_AVR8.o
Endpoint_Write_Control_EStream_BE                 LUFA/Drivers/USB/Core/AVR8/EndpointStream_AVR8.o
Endpoint_Write_Control_EStream_LE                 LUFA/Drivers/USB/Core/AVR8/EndpointStream_AVR8.o
Endpoint_Write_Control_PStream_BE                 LUFA/Drivers/USB/Core/AVR8/EndpointStream_AVR8.o
Endpoint_Write_Control_PStream_LE                 LUFA/Drivers/USB/Core/AVR8/EndpointStream_AVR8.o
Endpoint_Write_Control_Stream_BE                  LUFA/Drivers/USB/Core/AVR8/EndpointStream_AVR8.o
Endpoint_Write_Control_Stream_LE                  LUFA/Drivers/USB/Core/AVR8/EndpointStream_AVR8.o
                                                  LUFA/Drivers/USB/Class/Device/RNDISClassDevice.o
                                                  LUFA/Drivers/USB/Class/Device/PrinterClassDevice.o
                                                  LUFA/Drivers/USB/Class/Device/HIDClassDevice.o
                                                  LUFA/Drivers/USB/Class/Device/AudioClassDevice.o
                                                  LUFA/Drivers/USB/Core/DeviceStandardReq.o
Endpoint_Write_EStream_BE                         LUFA/Drivers/USB/Core/AVR8/EndpointStream_AVR8.o
Endpoint_Write_EStream_LE                         LUFA/Drivers/USB/Core/AVR8/EndpointStream_AVR8.o
Endpoint_Write_PStream_BE                         LUFA/Drivers/USB/Core/AVR8/EndpointStream_AVR8.o
Endpoint_Write_PStream_LE                         LUFA/Drivers/USB/Core/AVR8/EndpointStream_AVR8.o
Endpoint_Write_Stream_BE                          LUFA/Drivers/USB/Core/AVR8/EndpointStream_AVR8.o
Endpoint_Write_Stream_LE                          LUFA/Drivers/USB/Core/AVR8/EndpointStream_AVR8.o
                                                  LUFA/Drivers/USB/Class/Device/RNDISClassDevice.o
                                                  LUFA/Drivers/USB/Class/Device/PrinterClassDevice.o
                                                  LUFA/Drivers/USB/Class/Device/MIDIClassDevice.o
                                                  LUFA/Drivers/USB/Class/Device/MassStorageClassDevice.o
                                                  LUFA/Drivers/USB/Class/Device/HIDClassDevice.o
                                                  LUFA/Drivers/USB/Class/Device/CDCClassDevice.o
HID_Device_ConfigureEndpoints                     LUFA/Drivers/USB/Class/Device/HIDClassDevice.o
HID_Device_ProcessControlRequest                  LUFA/Drivers/USB/Class/Device/HIDClassDevice.o
HID_Device_USBTask                                LUFA/Drivers/USB/Class/Device/HIDClassDevice.o
LanguageString                                    Descriptors.o
MIDI_Device_ConfigureEndpoints                    LUFA/Drivers/USB/Class/Device/MIDIClassDevice.o
MIDI_Device_Flush                                 LUFA/Drivers/USB/Class/Device/MIDIClassDevice.o
MIDI_Device_ReceiveEventPacket                    LUFA/Drivers/USB/Class/Device/MIDIClassDevice.o
MIDI_Device_SendEventPacket                       LUFA/Drivers/USB/Class/Device/MIDIClassDevice.o
MIDI_Device_USBTask                               LUFA/Drivers/USB/Class/Device/MIDIClassDevice.o
MS_Device_ConfigureEndpoints                      LUFA/Drivers/USB/Class/Device/MassStorageClassDevice.o
MS_Device_ProcessControlRequest                   LUFA/Drivers/USB/Class/Device/MassStorageClassDevice.o
MS_Device_USBTask                                 LUFA/Drivers/USB/Class/Device/MassStorageClassDevice.o
ManufacturerString                                Descriptors.o
PRNT_Device_BytesReceived                         LUFA/Drivers/USB/Class/Device/PrinterClassDevice.o
PRNT_Device_ConfigureEndpoints                    LUFA/Drivers/USB/Class/Device/PrinterClassDevice.o
PRNT_Device_CreateBlockingStream                  LUFA/Drivers/USB/Class/Device/PrinterClassDevice.o
PRNT_Device_CreateStream                          LUFA/Drivers/USB/Class/Device/PrinterClassDevice.o
PRNT_Device_Event_Stub                            LUFA/Drivers/USB/Class/Device/PrinterClassDevice.o
PRNT_Device_Flush                                 LUFA/Drivers/USB/Class/Device/PrinterClassDevice.o
PRNT_Device_ProcessControlRequest                 LUFA/Drivers/USB/Class/Device/PrinterClassDevice.o
PRNT_Device_ReceiveByte                           LUFA/Drivers/USB/Class/Device/PrinterClassDevice.o
PRNT_Device_SendByte                              LUFA/Drivers/USB/Class/Device/PrinterClassDevice.o
PRNT_Device_SendData                              LUFA/Drivers/USB/Class/Device/PrinterClassDevice.o
PRNT_Device_SendString                            LUFA/Drivers/USB/Class/Device/PrinterClassDevice.o
PRNT_Device_USBTask                               LUFA/Drivers/USB/Class/Device/PrinterClassDevice.o
ProductString                                     Descriptors.o
RNDIS_Device_ConfigureEndpoints                   LUFA/Drivers/USB/Class/Device/RNDISClassDevice.o
RNDIS_Device_IsPacketReceived                     LUFA/Drivers/USB/Class/Device/RNDISClassDevice.o
RNDIS_Device_ProcessControlRequest                LUFA/Drivers/USB/Class/Device/RNDISClassDevice.o
RNDIS_Device_ReadPacket                           LUFA/Drivers/USB/Class/Device/RNDISClassDevice.o
RNDIS_Device_SendPacket                           LUFA/Drivers/USB/Class/Device/RNDISClassDevice.o
RNDIS_Device_USBTask                              LUFA/Drivers/USB/Class/Device/RNDISClassDevice.o
USB_ControlRequest                                LUFA/Drivers/USB/Class/Device/RNDISClassDevice.o
                                                  LUFA/Drivers/USB/Class/Device/PrinterClassDevice.o
                                                  LUFA/Drivers/USB/Class/Device/MassStorageClassDevice.o
                                                  LUFA/Drivers/USB/Class/Device/HIDClassDevice.o
                                                  LUFA/Drivers/USB/Class/Device/CDCClassDevice.o
                                                  LUFA/Drivers/USB/Class/Device/AudioClassDevice.o
                                                  LUFA/Drivers/USB/Core/USBTask.o
                                                  LUFA/Drivers/USB/Core/DeviceStandardReq.o
                                                  LUFA/Drivers/USB/Core/AVR8/Endpoint_AVR8.o
                                                  LUFA/Drivers/USB/Core/AVR8/EndpointStream_AVR8.o
USB_Device_ConfigurationNumber                    LUFA/Drivers/USB/Core/DeviceStandardReq.o
                                                  LUFA/Drivers/USB/Core/AVR8/USBInterrupt_AVR8.o
                                                  LUFA/Drivers/USB/Core/AVR8/USBController_AVR8.o
USB_Device_ProcessControlRequest                  LUFA/Drivers/USB/Core/DeviceStandardReq.o
                                                  LUFA/Drivers/USB/Core/USBTask.o
USB_Device_SendRemoteWakeup                       LUFA/Drivers/USB/Core/AVR8/Device_AVR8.o
USB_Disable                                       LUFA/Drivers/USB/Core/AVR8/USBController_AVR8.o
USB_Event_Stub                                    LUFA/Drivers/USB/Core/Events.o
USB_GetHIDReportItemInfo                          LUFA/Drivers/USB/Class/Common/HIDParser.o
USB_GetHIDReportSize                              LUFA/Drivers/USB/Class/Common/HIDParser.o
USB_GetNextDescriptorComp                         LUFA/Drivers/USB/Core/ConfigDescriptors.o
USB_GetNextDescriptorOfType                       LUFA/Drivers/USB/Core/ConfigDescriptors.o
USB_GetNextDescriptorOfTypeAfter                  LUFA/Drivers/USB/Core/ConfigDescriptors.o
USB_GetNextDescriptorOfTypeBefore                 LUFA/Drivers/USB/Core/ConfigDescriptors.o
USB_INT_ClearAllInterrupts                        LUFA/Drivers/USB/Core/AVR8/USBInterrupt_AVR8.o
                                                  LUFA/Drivers/USB/Core/AVR8/USBController_AVR8.o
USB_INT_DisableAllInterrupts                      LUFA/Drivers/USB/Core/AVR8/USBInterrupt_AVR8.o
                                                  LUFA/Drivers/USB/Core/AVR8/USBController_AVR8.o
USB_Init                                          LUFA/Drivers/USB/Core/AVR8/USBController_AVR8.o
                                                  Thermocouple.o
USB_IsInitialized                                 LUFA/Drivers/USB/Core/USBTask.o
                                                  LUFA/Drivers/USB/Core/AVR8/USBController_AVR8.o
USB_ProcessHIDReport                              LUFA/Drivers/USB/Class/Common/HIDParser.o
USB_ResetInterface                                LUFA/Drivers/USB/Core/AVR8/USBController_AVR8.o
USB_SetHIDReportItemInfo                          LUFA/Drivers/USB/Class/Common/HIDParser.o
USB_USBTask                                       LUFA/Drivers/USB/Core/USBTask.o
                                                  LUFA/Drivers/USB/Class/Device/PrinterClassDevice.o
                                                  LUFA/Drivers/USB/Class/Device/MassStorageClassDevice.o
                                                  LUFA/Drivers/USB/Class/Device/CDCClassDevice.o
                                                  LUFA/Drivers/USB/Core/AVR8/EndpointStream_AVR8.o
                                                  Thermocouple.o
VirtualSerial_CDC_Interface                       Thermocouple.o
__bad_interrupt                                   c:/winavr-20100110/bin/../lib/gcc/avr/4.3.3/../../../../avr/lib/avr35/crtusb82.o
__bss_end                                         c:/winavr-20100110/bin/../lib/gcc/avr/4.3.3/avr35\libgcc.a(_clear_bss.o)
__bss_start                                       c:/winavr-20100110/bin/../lib/gcc/avr/4.3.3/avr35\libgcc.a(_clear_bss.o)
__data_end                                        c:/winavr-20100110/bin/../lib/gcc/avr/4.3.3/avr35\libgcc.a(_copy_data.o)
__data_load_start                                 c:/winavr-20100110/bin/../lib/gcc/avr/4.3.3/avr35\libgcc.a(_copy_data.o)
__data_start                                      c:/winavr-20100110/bin/../lib/gcc/avr/4.3.3/avr35\libgcc.a(_copy_data.o)
__do_clear_bss                                    c:/winavr-20100110/bin/../lib/gcc/avr/4.3.3/avr35\libgcc.a(_clear_bss.o)
                                                  LUFA/Drivers/USB/Core/USBTask.o
                                                  LUFA/Drivers/USB/Core/DeviceStandardReq.o
                                                  Thermocouple.o
__do_copy_data                                    c:/winavr-20100110/bin/../lib/gcc/avr/4.3.3/avr35\libgcc.a(_copy_data.o)
                                                  LUFA/Drivers/USB/Class/Device/RNDISClassDevice.o
                                                  LUFA/Drivers/USB/Class/Device/CDCClassDevice.o
                                                  Descriptors.o
                                                  Thermocouple.o
__eerd_byte_usb82                                 c:/winavr-20100110/bin/../lib/gcc/avr/4.3.3/../../../../avr/lib/avr35\libc.a(eerd_byte_at90usb82.o)
                                                  LUFA/Drivers/USB/Core/AVR8/EndpointStream_AVR8.o
__eeupd_byte_usb82                                c:/winavr-20100110/bin/../lib/gcc/avr/4.3.3/../../../../avr/lib/avr35\libc.a(eeupd_byte_at90usb82.o)
                                                  LUFA/Drivers/USB/Core/AVR8/EndpointStream_AVR8.o
__eeupd_r18_usb82                                 c:/winavr-20100110/bin/../lib/gcc/avr/4.3.3/../../../../avr/lib/avr35\libc.a(eeupd_byte_at90usb82.o)
__epilogue_restores__                             c:/winavr-20100110/bin/../lib/gcc/avr/4.3.3/avr35\libgcc.a(_epilogue.o)
                                                  c:/winavr-20100110/bin/../lib/gcc/avr/4.3.3/../../../../avr/lib/avr35\libc.a(vfprintf_std.o)
                                                  c:/winavr-20100110/bin/../lib/gcc/avr/4.3.3/../../../../avr/lib/avr35\libc.a(fprintf.o)
__heap_end                                        c:/winavr-20100110/bin/../lib/gcc/avr/4.3.3/../../../../avr/lib/avr35/crtusb82.o
__init                                            c:/winavr-20100110/bin/../lib/gcc/avr/4.3.3/../../../../avr/lib/avr35/crtusb82.o
__mulhi3                                          c:/winavr-20100110/bin/../lib/gcc/avr/4.3.3/avr35\libgcc.a(_mulhi3.o)
                                                  c:/winavr-20100110/bin/../lib/gcc/avr/4.3.3/../../../../avr/lib/avr35\libc.a(vfprintf_std.o)
                                                  LUFA/Drivers/USB/Class/Common/HIDParser.o
__prologue_saves__                                c:/winavr-20100110/bin/../lib/gcc/avr/4.3.3/avr35\libgcc.a(_prologue.o)
                                                  c:/winavr-20100110/bin/../lib/gcc/avr/4.3.3/../../../../avr/lib/avr35\libc.a(vfprintf_std.o)
                                                  c:/winavr-20100110/bin/../lib/gcc/avr/4.3.3/../../../../avr/lib/avr35\libc.a(fprintf.o)
__stack                                           c:/winavr-20100110/bin/../lib/gcc/avr/4.3.3/../../../../avr/lib/avr35/crtusb82.o
__ultoa_invert                                    c:/winavr-20100110/bin/../lib/gcc/avr/4.3.3/../../../../avr/lib/avr35\libc.a(ultoa_invert.o)
                                                  c:/winavr-20100110/bin/../lib/gcc/avr/4.3.3/../../../../avr/lib/avr35\libc.a(vfprintf_std.o)
__vector_1                                        c:/winavr-20100110/bin/../lib/gcc/avr/4.3.3/../../../../avr/lib/avr35/crtusb82.o
__vector_10                                       c:/winavr-20100110/bin/../lib/gcc/avr/4.3.3/../../../../avr/lib/avr35/crtusb82.o
__vector_11                                       LUFA/Drivers/USB/Core/AVR8/USBInterrupt_AVR8.o
                                                  c:/winavr-20100110/bin/../lib/gcc/avr/4.3.3/../../../../avr/lib/avr35/crtusb82.o
__vector_12                                       c:/winavr-20100110/bin/../lib/gcc/avr/4.3.3/../../../../avr/lib/avr35/crtusb82.o
__vector_13                                       c:/winavr-20100110/bin/../lib/gcc/avr/4.3.3/../../../../avr/lib/avr35/crtusb82.o
__vector_14                                       c:/winavr-20100110/bin/../lib/gcc/avr/4.3.3/../../../../avr/lib/avr35/crtusb82.o
__vector_15                                       c:/winavr-20100110/bin/../lib/gcc/avr/4.3.3/../../../../avr/lib/avr35/crtusb82.o
__vector_16                                       c:/winavr-20100110/bin/../lib/gcc/avr/4.3.3/../../../../avr/lib/avr35/crtusb82.o
__vector_17                                       c:/winavr-20100110/bin/../lib/gcc/avr/4.3.3/../../../../avr/lib/avr35/crtusb82.o
__vector_18                                       c:/winavr-20100110/bin/../lib/gcc/avr/4.3.3/../../../../avr/lib/avr35/crtusb82.o
__vector_19                                       c:/winavr-20100110/bin/../lib/gcc/avr/4.3.3/../../../../avr/lib/avr35/crtusb82.o
__vector_2                                        c:/winavr-20100110/bin/../lib/gcc/avr/4.3.3/../../../../avr/lib/avr35/crtusb82.o
__vector_20                                       c:/winavr-20100110/bin/../lib/gcc/avr/4.3.3/../../../../avr/lib/avr35/crtusb82.o
__vector_21                                       c:/winavr-20100110/bin/../lib/gcc/avr/4.3.3/../../../../avr/lib/avr35/crtusb82.o
__vector_22                                       c:/winavr-20100110/bin/../lib/gcc/avr/4.3.3/../../../../avr/lib/avr35/crtusb82.o
__vector_23                                       c:/winavr-20100110/bin/../lib/gcc/avr/4.3.3/../../../../avr/lib/avr35/crtusb82.o
__vector_24                                       c:/winavr-20100110/bin/../lib/gcc/avr/4.3.3/../../../../avr/lib/avr35/crtusb82.o
__vector_25                                       c:/winavr-20100110/bin/../lib/gcc/avr/4.3.3/../../../../avr/lib/avr35/crtusb82.o
__vector_26                                       c:/winavr-20100110/bin/../lib/gcc/avr/4.3.3/../../../../avr/lib/avr35/crtusb82.o
__vector_27                                       c:/winavr-20100110/bin/../lib/gcc/avr/4.3.3/../../../../avr/lib/avr35/crtusb82.o
__vector_28                                       c:/winavr-20100110/bin/../lib/gcc/avr/4.3.3/../../../../avr/lib/avr35/crtusb82.o
__vector_3                                        c:/winavr-20100110/bin/../lib/gcc/avr/4.3.3/../../../../avr/lib/avr35/crtusb82.o
__vector_4                                        c:/winavr-20100110/bin/../lib/gcc/avr/4.3.3/../../../../avr/lib/avr35/crtusb82.o
__vector_5                                        c:/winavr-20100110/bin/../lib/gcc/avr/4.3.3/../../../../avr/lib/avr35/crtusb82.o
__vector_6                                        c:/winavr-20100110/bin/../lib/gcc/avr/4.3.3/../../../../avr/lib/avr35/crtusb82.o
__vector_7                                        c:/winavr-20100110/bin/../lib/gcc/avr/4.3.3/../../../../avr/lib/avr35/crtusb82.o
__vector_8                                        c:/winavr-20100110/bin/../lib/gcc/avr/4.3.3/../../../../avr/lib/avr35/crtusb82.o
__vector_9                                        c:/winavr-20100110/bin/../lib/gcc/avr/4.3.3/../../../../avr/lib/avr35/crtusb82.o
__vector_default                                  c:/winavr-20100110/bin/../lib/gcc/avr/4.3.3/../../../../avr/lib/avr35/crtusb82.o
__vectors                                         c:/winavr-20100110/bin/../lib/gcc/avr/4.3.3/../../../../avr/lib/avr35/crtusb82.o
_exit                                             c:/winavr-20100110/bin/../lib/gcc/avr/4.3.3/avr35\libgcc.a(_exit.o)
exit                                              c:/winavr-20100110/bin/../lib/gcc/avr/4.3.3/avr35\libgcc.a(_exit.o)
                                                  c:/winavr-20100110/bin/../lib/gcc/avr/4.3.3/../../../../avr/lib/avr35/crtusb82.o
fprintf                                           c:/winavr-20100110/bin/../lib/gcc/avr/4.3.3/../../../../avr/lib/avr35\libc.a(fprintf.o)
                                                  Thermocouple.o
fputc                                             c:/winavr-20100110/bin/../lib/gcc/avr/4.3.3/../../../../avr/lib/avr35\libc.a(fputc.o)
                                                  c:/winavr-20100110/bin/../lib/gcc/avr/4.3.3/../../../../avr/lib/avr35\libc.a(vfprintf_std.o)
                                                  Thermocouple.o
main                                              Thermocouple.o
                                                  c:/winavr-20100110/bin/../lib/gcc/avr/4.3.3/../../../../avr/lib/avr35/crtusb82.o
memcmp                                            c:/winavr-20100110/bin/../lib/gcc/avr/4.3.3/../../../../avr/lib/avr35\libc.a(memcmp.o)
                                                  LUFA/Drivers/USB/Class/Device/HIDClassDevice.o
memcpy                                            c:/winavr-20100110/bin/../lib/gcc/avr/4.3.3/../../../../avr/lib/avr35\libc.a(memcpy.o)
                                                  LUFA/Drivers/USB/Class/Device/RNDISClassDevice.o
                                                  LUFA/Drivers/USB/Class/Device/HIDClassDevice.o
memcpy_P                                          c:/winavr-20100110/bin/../lib/gcc/avr/4.3.3/../../../../avr/lib/avr35\libc.a(memcpy_P.o)
                                                  LUFA/Drivers/USB/Class/Device/RNDISClassDevice.o
memset                                            c:/winavr-20100110/bin/../lib/gcc/avr/4.3.3/../../../../avr/lib/avr35\libc.a(memset.o)
                                                  LUFA/Drivers/USB/Class/Device/HIDClassDevice.o
read_sensor                                       Thermocouple.o
setupHardware                                     Thermocouple.o
strnlen                                           c:/winavr-20100110/bin/../lib/gcc/avr/4.3.3/../../../../avr/lib/avr35\libc.a(strnlen.o)
                                                  c:/winavr-20100110/bin/../lib/gcc/avr/4.3.3/../../../../avr/lib/avr35\libc.a(vfprintf_std.o)
strnlen_P                                         c:/winavr-20100110/bin/../lib/gcc/avr/4.3.3/../../../../avr/lib/avr35\libc.a(strnlen_P.o)
                                                  c:/winavr-20100110/bin/../lib/gcc/avr/4.3.3/../../../../avr/lib/avr35\libc.a(vfprintf_std.o)
vfprintf                                          c:/winavr-20100110/bin/../lib/gcc/avr/4.3.3/../../../../avr/lib/avr35\libc.a(vfprintf_std.o)
                                                  c:/winavr-20100110/bin/../lib/gcc/avr/4.3.3/../../../../avr/lib/avr35\libc.a(fprintf.o)
